Archive member included because of file (symbol)

/mnt/n7fs/nxt/gcc-arm-none-eabi-4_9-2015q3//lib/gcc/arm-none-eabi/4.9.3//libgcc.a(_udivsi3.o)
                              build/obj/ecrobot_interface.c.o (__aeabi_uidiv)
/mnt/n7fs/nxt/gcc-arm-none-eabi-4_9-2015q3//lib/gcc/arm-none-eabi/4.9.3//libgcc.a(_divsi3.o)
                              build/obj/bios_display.c.o (__aeabi_idiv)
/mnt/n7fs/nxt/gcc-arm-none-eabi-4_9-2015q3//lib/gcc/arm-none-eabi/4.9.3//libgcc.a(_dvmd_tls.o)
                              /mnt/n7fs/nxt/gcc-arm-none-eabi-4_9-2015q3//lib/gcc/arm-none-eabi/4.9.3//libgcc.a(_udivsi3.o) (__aeabi_idiv0)
/mnt/n7fs/nxt/gcc-arm-none-eabi-4_9-2015q3//lib/gcc/arm-none-eabi/4.9.3//libgcc.a(_aeabi_ldivmod.o)
                              build/obj/sound.c.o (__aeabi_ldivmod)
/mnt/n7fs/nxt/gcc-arm-none-eabi-4_9-2015q3//lib/gcc/arm-none-eabi/4.9.3//libgcc.a(bpabi.o)
                              /mnt/n7fs/nxt/gcc-arm-none-eabi-4_9-2015q3//lib/gcc/arm-none-eabi/4.9.3//libgcc.a(_aeabi_ldivmod.o) (__gnu_ldivmod_helper)
/mnt/n7fs/nxt/gcc-arm-none-eabi-4_9-2015q3//lib/gcc/arm-none-eabi/4.9.3//libgcc.a(_divdi3.o)
                              /mnt/n7fs/nxt/gcc-arm-none-eabi-4_9-2015q3//lib/gcc/arm-none-eabi/4.9.3//libgcc.a(bpabi.o) (__divdi3)
/mnt/n7fs/nxt/gcc-arm-none-eabi-4_9-2015q3//lib/gcc/arm-none-eabi/4.9.3//libgcc.a(_udivdi3.o)
                              /mnt/n7fs/nxt/gcc-arm-none-eabi-4_9-2015q3//lib/gcc/arm-none-eabi/4.9.3//libgcc.a(bpabi.o) (__udivdi3)
/mnt/n7fs/nxt/gcc-arm-none-eabi-4_9-2015q3//lib/gcc/arm-none-eabi/4.9.3//libgcc.a(_clzdi2.o)
                              /mnt/n7fs/nxt/gcc-arm-none-eabi-4_9-2015q3//lib/gcc/arm-none-eabi/4.9.3//libgcc.a(_divdi3.o) (__clzdi2)
/mnt/n7fs/nxt/gcc-arm-none-eabi-4_9-2015q3//lib/gcc/arm-none-eabi/4.9.3//libgcc.a(_clzsi2.o)
                              /mnt/n7fs/nxt/gcc-arm-none-eabi-4_9-2015q3//lib/gcc/arm-none-eabi/4.9.3//libgcc.a(_clzdi2.o) (__clzsi2)
/mnt/n7fs/nxt/gcc-arm-none-eabi-4_9-2015q3//arm-none-eabi/lib/libc.a(lib_a-memcpy.o)
                              build/obj/ecrobot_usb.c.o (memcpy)
/mnt/n7fs/nxt/gcc-arm-none-eabi-4_9-2015q3//arm-none-eabi/lib/libc.a(lib_a-memset.o)
                              build/obj/ecrobot_usb.c.o (memset)
/mnt/n7fs/nxt/gcc-arm-none-eabi-4_9-2015q3//arm-none-eabi/lib/libc.a(lib_a-strcmp.o)
                              build/obj/ecrobot_usb.c.o (strcmp)
/mnt/n7fs/nxt/gcc-arm-none-eabi-4_9-2015q3//arm-none-eabi/lib/libc.a(lib_a-strcpy.o)
                              build/obj/ecrobot_usb.c.o (strcpy)
/mnt/n7fs/nxt/gcc-arm-none-eabi-4_9-2015q3//arm-none-eabi/lib/libc.a(lib_a-strlen.o)
                              build/obj/ecrobot_base.c.o (strlen)
/mnt/n7fs/nxt/gcc-arm-none-eabi-4_9-2015q3//arm-none-eabi/lib/libc.a(lib_a-strncpy.o)
                              build/obj/ecrobot_bluetooth.c.o (strncpy)

Allocating common symbols
Common symbol       size              file

display_x           0x4               build/obj/display.c.o
speedC              0x4               build/obj/robot_robot_concret.c.o
in_buf              0x100             build/obj/bt.c.o
speedB              0x4               build/obj/robot_robot_concret.c.o
speedA              0x4               build/obj/robot_robot_concret.c.o
display_y           0x4               build/obj/display.c.o
bt_frame            0x80              build/obj/bt.c.o
sample              0x31c             build/obj/sound.c.o

Discarded input sections

 .text          0x00000000        0x0 build/obj/robot_robot_concret.c.o
 .data          0x00000000        0x0 build/obj/robot_robot_concret.c.o
 .bss           0x00000000        0x0 build/obj/robot_robot_concret.c.o
 .text.robot_concret_reset
                0x00000000       0x18 build/obj/robot_robot_concret.c.o
 .text.robot_concret_O_Avant_A
                0x00000000       0x28 build/obj/robot_robot_concret.c.o
 .text.robot_concret_O_Avant_B
                0x00000000       0x28 build/obj/robot_robot_concret.c.o
 .text.robot_concret_O_Avant_C
                0x00000000       0x28 build/obj/robot_robot_concret.c.o
 .text.robot_concret_O_Arriere_A
                0x00000000       0x34 build/obj/robot_robot_concret.c.o
 .text.robot_concret_O_Arriere_B
                0x00000000       0x34 build/obj/robot_robot_concret.c.o
 .text.robot_concret_O_Arriere_C
                0x00000000       0x34 build/obj/robot_robot_concret.c.o
 .text.robot_concret_O_Vitesse_A
                0x00000000       0x10 build/obj/robot_robot_concret.c.o
 .text.robot_concret_O_Vitesse_B
                0x00000000       0x10 build/obj/robot_robot_concret.c.o
 .text.robot_concret_O_Vitesse_C
                0x00000000       0x10 build/obj/robot_robot_concret.c.o
 .text.robot_concret_I_capteur_1
                0x00000000       0x10 build/obj/robot_robot_concret.c.o
 .text.robot_concret_I_capteur_2
                0x00000000       0x10 build/obj/robot_robot_concret.c.o
 .text.robot_concret_I_capteur_3
[...]
Memory Configuration

Name             Origin             Length             Attributes
header_ram       0x001ffff0         0x00000010
vector_ram       0x00200000         0x00000040
ram              0x00200040         0x0000ffc0
*default*        0x00000000         0xffffffff

Linker script and memory map

LOAD build/obj/robot_robot_concret.c.o
LOAD build/obj/tpl_dispatch_table.c.o
LOAD build/obj/tpl_invoque.S.o
LOAD build/obj/tpl_os_alarm_kernel.c.o
LOAD build/obj/tpl_os_event_kernel.c.o
LOAD build/obj/tpl_os_it_kernel.c.o
LOAD build/obj/tpl_os_rez_kernel.c.o
LOAD build/obj/tpl_os_task_kernel.c.o
LOAD build/obj/tpl_os_timeobj_kernel.c.o
LOAD build/obj/tpl_os_kernel.c.o
LOAD build/obj/tpl_os_action.c.o
LOAD build/obj/tpl_os_error.c.o
LOAD build/obj/tpl_os.c.o
LOAD build/obj/tpl_machine_arm_generic.c.o
LOAD build/obj/tpl_irq.S.o
LOAD build/obj/tpl_system_call.S.o
LOAD build/obj/tpl_stacks.S.o
LOAD build/obj/tpl_vector_table.s.o
LOAD build/obj/nxt_tpl_sleep.S.o
LOAD build/obj/nxt_tpl_stubs.c.o
LOAD build/obj/nxt_irq.c.o
LOAD build/obj/nxt_exception_catch.S.o
LOAD build/obj/nxt_bootstrap_stage1.S.o
LOAD build/obj/nxt_exception_catch.c.o
LOAD build/obj/nxt_binary_header.s.o
LOAD build/obj/nxt_entry_point.s.o
LOAD build/obj/interrupts.s.o
LOAD build/obj/ecrobot_usb.c.o
LOAD build/obj/ecrobot_interface.c.o
LOAD build/obj/ecrobot_device_hook.c.o
LOAD build/obj/ecrobot_bluetooth.c.o
LOAD build/obj/ecrobot_HiTechnic.c.o
LOAD build/obj/ecrobot_base.c.o
LOAD build/obj/flash_loader.c.o
LOAD build/obj/bios_display.c.o
LOAD build/obj/byte_fifo.c.o
LOAD build/obj/aic.c.o
LOAD build/obj/nxt_avr.c.o
LOAD build/obj/i2c.c.o
LOAD build/obj/systick.c.o
LOAD build/obj/nxt_motors.c.o
LOAD build/obj/bt.c.o
LOAD build/obj/display.c.o
LOAD build/obj/sensors.c.o
LOAD build/obj/twi.c.o
LOAD build/obj/nxt_lcd.c.o
LOAD build/obj/nxt_spi.c.o
LOAD build/obj/flashprog.c.o
LOAD build/obj/sound.c.o
LOAD build/obj/buttons.c.o
LOAD build/obj/tpl_app_config.c.o
LOAD /mnt/n7fs/nxt/gcc-arm-none-eabi-4_9-2015q3//lib/gcc/arm-none-eabi/4.9.3//libgcc.a
LOAD /mnt/n7fs/nxt/gcc-arm-none-eabi-4_9-2015q3//arm-none-eabi/lib/libc.a
                0x00200000                RAM_BASE = 0x200000
                0x00010000                RAM_SIZE = 0x10000

.header         0x001ffff0       0x10
 *nxt_binary_header.s.o(*.text *.text.*)
 .text          0x001ffff0       0x10 build/obj/nxt_binary_header.s.o
                0x00200000                . = ALIGN (0x10)

.vectors        0x00200000       0x40
 *tpl_vector_table.s.o(*.vectbl *.text.*)
 .vectbl        0x00200000       0x3c build/obj/tpl_vector_table.s.o
                0x00200000                Vec_reset
                0x00200040                . = ALIGN (0x10)
 *fill*         0x0020003c        0x4 
                0x00200000                __vectors_ram_start__ = ADDR (.vectors)
                0x00200040                __vectors_ram_end__ = (ADDR (.vectors) + SIZEOF (.vectors))
                0x00200000                __vectors_load_start__ = LOADADDR (.vectors)
                0x00200040                __vectors_load_end__ = (LOADADDR (.vectors) + SIZEOF (.vectors))

.entry          0x00200040       0x40
 *nxt_entry_point.s.o(*.text *.text.*)
 .text          0x00200040       0x38 build/obj/nxt_entry_point.s.o
                0x00200040                NXT_Entry_Point
                0x00200080                . = ALIGN (0x10)
 *fill*         0x00200078        0x8 
                0x00200080                . = ALIGN (0x4)

ostext          0x00200080     0x1b08
 *(.osCode)
 .osCode        0x00200080      0x3a4 build/obj/tpl_os_alarm_kernel.c.o
                0x00200080                tpl_raise_alarm
                0x00200090                tpl_get_alarm_base_service
                0x00200108                tpl_get_alarm_service
                0x00200198                tpl_set_rel_alarm_service
                0x002002b4                tpl_set_abs_alarm_service
                0x002003b0                tpl_cancel_alarm_service
 .osCode        0x00200424      0x190 build/obj/tpl_os_event_kernel.c.o
                0x00200424                tpl_set_event_service
                0x002004a4                tpl_clear_event_service
                0x002004e0                tpl_get_event_service
                0x00200560                tpl_wait_event_service
 .osCode        0x002005b4      0x304 build/obj/tpl_os_it_kernel.c.o
                0x00200610                tpl_get_interrupt_lock_status
                0x00200648                tpl_reset_interrupt_lock_status
                0x0020066c                tpl_suspend_all_interrupts_service
                0x0020069c                tpl_resume_all_interrupts_service
                0x002006dc                tpl_disable_all_interrupts_service
                0x00200714                tpl_enable_all_interrupts_service
                0x0020073c                tpl_suspend_os_interrupts_service
                0x0020076c                tpl_resume_os_interrupts_service
                0x002007ac                tpl_terminate_isr2_service
                0x00200808                tpl_null_it
                0x0020080c                tpl_central_interrupt_handler
                0x002008ac                tpl_central_interrupt_handler_2
 .osCode        0x002008b8      0x1c4 build/obj/tpl_os_rez_kernel.c.o
                0x002008b8                tpl_release_all_resources
                0x00200900                tpl_get_resource_service
                0x002009c8                tpl_release_resource_service
 .osCode        0x00200a7c      0x27c build/obj/tpl_os_task_kernel.c.o
                0x00200a7c                tpl_activate_task_service
                0x00200adc                tpl_terminate_task_service
                0x00200b38                tpl_chain_task_service
                0x00200bf0                tpl_schedule_service
                0x00200c50                tpl_get_task_id_service
                0x00200c98                tpl_get_task_state_service
 .osCode        0x00200cf8      0x258 build/obj/tpl_os_timeobj_kernel.c.o
                0x00200cf8                tpl_enable_counters
                0x00200d0c                tpl_insert_time_obj
                0x00200dd4                tpl_remove_time_obj
                0x00200e24                tpl_counter_tick
 .osCode        0x00200f50      0x620 build/obj/tpl_os_kernel.c.o
                0x00200fe8                tpl_put_preempted_proc
                0x00201068                tpl_put_new_proc
                0x002010f0                tpl_current_os_state
                0x0020112c                tpl_get_internal_resource
                0x00201178                tpl_release_internal_resource
                0x002011b8                tpl_activate_task
                0x00201210                tpl_set_event
                0x00201218                tpl_init_proc
                0x00201250                tpl_schedule_from_running
                0x002012ec                tpl_schedule_from_dying
                0x00201378                tpl_schedule_from_waiting
                0x002013f4                tpl_start_scheduling
                0x00201454                tpl_init_os
                0x002014a4                tpl_get_active_application_mode_service
                0x002014c0                tpl_start_os_service
                0x002014f0                tpl_shutdown_os_service
                0x00201500                tpl_call_terminate_task_service
                0x00201538                tpl_call_terminate_isr2_service
 .osCode        0x00201570       0x4c build/obj/tpl_os_action.c.o
                0x00201570                tpl_action_callback
                0x0020158c                tpl_action_activate_task
                0x002015a0                tpl_action_setevent
 .osCode        0x002015bc       0xa0 build/obj/tpl_machine_arm_generic.c.o
                0x002015bc                tpl_init_machine_generic
                0x002015d0                tpl_get_task_lock
                0x002015d4                tpl_release_task_lock
                0x002015d8                tpl_enable_interrupts
                0x002015e8                tpl_disable_interrupts
                0x00201604                tpl_init_context
                0x00201654                tpl_check_stack_footprint
 .osCode        0x0020165c       0xd4 build/obj/tpl_irq.S.o
                0x0020165c                tpl_primary_irq_handler
 .osCode        0x00201730      0x11c build/obj/tpl_system_call.S.o
                0x00201730                tpl_primary_syscall_handler
 .osCode        0x0020184c        0x4 build/obj/nxt_tpl_sleep.S.o
                0x0020184c                tpl_sleep
 .osCode        0x00201850       0x80 build/obj/nxt_tpl_stubs.c.o
                0x00201850                tpl_init_machine
                0x0020188c                tpl_shutdown
 .osCode        0x002018d0       0x58 build/obj/nxt_irq.c.o
                0x002018d0                tpl_arm_subarch_irq_handler
                0x00201924                tpl_arm_subarch_fiq_handler
 .osCode        0x00201928       0xf0 build/obj/nxt_exception_catch.S.o
                0x00201928                primary_undefined_instruction_handler
                0x00201960                primary_prefetch_abort_handler
                0x00201998                primary_data_abort_handler
                0x002019d0                primary_unused_handler
                0x00201a08                tpl_primary_fiq_handler
 .osCode        0x00201a18       0x50 build/obj/nxt_bootstrap_stage1.S.o
                0x00201a18                tpl_arm_bootstrap_entry
 .osCode        0x00201a68      0x120 build/obj/tpl_app_config.c.o
                0x00201a68                tpl_interrupt_source_2
                0x00201a78                tpl_interrupt_source_5
                0x00201a88                tpl_interrupt_source_7
                0x00201a98                tpl_interrupt_source_9
                0x00201aa8                tpl_interrupt_source_10
                0x00201ab8                tpl_interrupt_source_12
                0x00201ac8                tpl_interrupt_source_15
                0x00201adc                tpl_interrupt_source_16
                0x00201af0                tpl_interrupt_source_17
                0x00201b04                tpl_interrupt_source_18
                0x00201b18                tpl_interrupt_source_30
                0x00201b28                tpl_tick_it_timer1
                0x00201b74                tpl_interrupt_source_1
 *(.appCommonCode)
                0x00201b88                . = ALIGN (0x4)

osconst         0x00201b88      0x270
 *(.osConst)
 .osConst       0x00201b88       0x70 build/obj/tpl_dispatch_table.c.o
                0x00201b88                tpl_dispatch_table
 .osConst       0x00201bf8       0x1a build/obj/tpl_os_kernel.c.o
                0x00201bf8                idle_task_static
                0x00201c10                INVALID_TASK
                0x00201c11                INVALID_PROC
 *fill*         0x00201c12        0x2 
 .osConst       0x00201c14      0x1e4 build/obj/tpl_app_config.c.o
                0x00201c14                tpl_ready_list
                0x00201c2c                tpl_alarm_table
                0x00201c30                cyclic_alarm_Task1_static
                0x00201c3c                cyclic_alarm_Task1_action
                0x00201c44                tpl_isr_stat_table
                0x00201c54                tpl_dyn_proc_table
                0x00201c6c                tpl_stat_proc_table
                0x00201c84                tpl_it_vector
                0x00201d7c                isr_button_stop_isr_stat_desc
                0x00201d94                isr_button_start_isr_stat_desc
                0x00201dac                isr_button_right_isr_stat_desc
                0x00201dc4                isr_button_left_isr_stat_desc
                0x00201ddc                Task1_task_stat_desc
                0x00201df4                tpl_resource_table
                0x00201df8                . = ALIGN (0x4)

osvars          0x00201df8     0x1f1c
 *(.osVar)
 .osVar         0x00201df8       0x14 build/obj/tpl_os_it_kernel.c.o
                0x00201df8                tpl_user_task_lock
                0x00201dfc                tpl_cpt_user_task_lock_OS
                0x00201e00                tpl_cpt_user_task_lock_All
                0x00201e04                tpl_cpt_os_task_lock
                0x00201e08                tpl_locking_depth
 .osVar         0x00201e0c        0x8 build/obj/tpl_os_rez_kernel.c.o
                0x00201e0c                res_sched_rez_desc
 .osVar         0x00201e14       0x28 build/obj/tpl_os_kernel.c.o
                0x00201e14                tpl_h_prio
                0x00201e18                tpl_kern
                0x00201e31                INTERNAL_RES_SCHEDULER
                0x00201e34                idle_task
 .osVar         0x00201e3c      0x110 build/obj/tpl_machine_arm_generic.c.o
                0x00201e3c                nested_kernel_entrance_counter
                0x00201e40                idle_task_context
                0x00201e84                idle_stack
 .osVar         0x00201f4c      0x1c8 build/obj/tpl_app_config.c.o
                0x00201f4c                SystemCounter_counter_desc
                0x00201f69                tpl_fifo_rw
                0x00201f6f                tpl_priority_2_fifo
                0x00201f7b                tpl_priority_1_fifo
                0x00201f7d                tpl_priority_0_fifo
                0x00201f80                cyclic_alarm_Task1_alarm_desc
                0x00201f98                isr_button_stop_isr_desc
                0x00201fa0                isr_button_stop_int_context
                0x00201fe4                isr_button_start_isr_desc
                0x00201fec                isr_button_start_int_context
                0x00202030                isr_button_right_isr_desc
                0x00202038                isr_button_right_int_context
                0x0020207c                isr_button_left_isr_desc
                0x00202084                isr_button_left_int_context
                0x002020c8                Task1_task_desc
                0x002020d0                Task1_int_context
 *(.stacks)
 .stacks        0x00202114     0x1c00 build/obj/tpl_stacks.S.o
                0x00202114                irq_stack_top
                0x00202514                fiq_stack_top
                0x00202514                irq_stack_bottom
                0x00202914                fiq_stack_bottom
                0x00202914                svc_stack_top
                0x00203114                svc_stack_bottom
                0x00203114                abt_stack_top
                0x00203514                abt_stack_bottom
                0x00203514                und_stack_top
                0x00203914                und_stack_bottom
                0x00203914                usr_stack_top
                0x00203d14                usr_stack_bottom

apptext         0x00203d20      0x16c
                0x00203d20                __SEG_START_APP_CODE_CONST_RGN = .
 *(.osApiConst)
 *(.osApiCode)
 .osApiCode     0x00203d20      0x150 build/obj/tpl_invoque.S.o
                0x00203d20                ActivateTask
                0x00203d2c                TerminateTask
                0x00203d38                ChainTask
                0x00203d44                Schedule
                0x00203d50                GetTaskID
                0x00203d5c                GetTaskState
                0x00203d68                EnableAllInterrupts
                0x00203d74                DisableAllInterrupts
                0x00203d80                ResumeAllInterrupts
                0x00203d8c                SuspendAllInterrupts
                0x00203d98                ResumeOSInterrupts
                0x00203da4                SuspendOSInterrupts
                0x00203db0                GetResource
                0x00203dbc                ReleaseResource
                0x00203dc8                SetEvent
                0x00203dd4                ClearEvent
                0x00203de0                GetEvent
                0x00203dec                WaitEvent
                0x00203df8                GetAlarmBase
                0x00203e04                GetAlarm
                0x00203e10                SetRelAlarm
                0x00203e1c                SetAbsAlarm
                0x00203e28                CancelAlarm
                0x00203e34                GetActiveApplicationMode
                0x00203e40                tpl_start_os
                0x00203e4c                ShutdownOS
                0x00203e58                CallTerminateTask
                0x00203e64                CallTerminateISR2
 .osApiCode     0x00203e70       0x1c build/obj/tpl_os.c.o
                0x00203e70                StartOS
 *(.Task_Task1Code)
 *(.ISR_isr_button_leftCode)
 *(.ISR_isr_button_rightCode)
 *(.ISR_isr_button_startCode)
 *(.ISR_isr_button_stopCode)

appconst        0x00203e90        0x0

procconst       0x00203e90        0x0
 *(.Task_Task1_SEC_CONST_32BIT)
 *(.Task_Task1_SEC_CALIB_32BIT)
 *(.Task_Task1_SEC_CARTO_32BIT)
 *(.Task_Task1_SEC_CONFIG_DATA_32BIT)
 *(.Task_Task1_SEC_CONST_16BIT)
 *(.Task_Task1_SEC_CALIB_16BIT)
 *(.Task_Task1_SEC_CARTO_16BIT)
 *(.Task_Task1_SEC_CONFIG_DATA_16BIT)
 *(.Task_Task1_SEC_CONST_8BIT)
 *(.Task_Task1_SEC_CALIB_8BIT)
 *(.Task_Task1_SEC_CARTO_8BIT)
 *(.Task_Task1_SEC_CONFIG_DATA_8BIT)
 *(.Task_Task1_SEC_CONST_BOOLEAN)
 *(.Task_Task1_SEC_CALIB_BOOLEAN)
 *(.Task_Task1_SEC_CARTO_BOOLEAN)
 *(.Task_Task1_SEC_CONFIG_DATA_BOOLEAN)
 *(.Task_Task1_SEC_CONST_UNSPECIFIED)
 *(.Task_Task1_SEC_CALIB_UNSPECIFIED)
 *(.Task_Task1_SEC_CARTO_UNSPECIFIED)
 *(.Task_Task1_SEC_CONFIG_DATA_UNSPECIFIED)
 *(.ISR_isr_button_left_SEC_CONST_32BIT)
 *(.ISR_isr_button_left_SEC_CALIB_32BIT)
 *(.ISR_isr_button_left_SEC_CARTO_32BIT)
 *(.ISR_isr_button_left_SEC_CONFIG_DATA_32BIT)
 *(.ISR_isr_button_left_SEC_CONST_16BIT)
 *(.ISR_isr_button_left_SEC_CALIB_16BIT)
 *(.ISR_isr_button_left_SEC_CARTO_16BIT)
 *(.ISR_isr_button_left_SEC_CONFIG_DATA_16BIT)
 *(.ISR_isr_button_left_SEC_CONST_8BIT)
 *(.ISR_isr_button_left_SEC_CALIB_8BIT)
 *(.ISR_isr_button_left_SEC_CARTO_8BIT)
 *(.ISR_isr_button_left_SEC_CONFIG_DATA_8BIT)
 *(.ISR_isr_button_left_SEC_CONST_BOOLEAN)
 *(.ISR_isr_button_left_SEC_CALIB_BOOLEAN)
 *(.ISR_isr_button_left_SEC_CARTO_BOOLEAN)
 *(.ISR_isr_button_left_SEC_CONFIG_DATA_BOOLEAN)
 *(.ISR_isr_button_left_SEC_CONST_UNSPECIFIED)
 *(.ISR_isr_button_left_SEC_CALIB_UNSPECIFIED)
 *(.ISR_isr_button_left_SEC_CARTO_UNSPECIFIED)
 *(.ISR_isr_button_left_SEC_CONFIG_DATA_UNSPECIFIED)
 *(.ISR_isr_button_right_SEC_CONST_32BIT)
 *(.ISR_isr_button_right_SEC_CALIB_32BIT)
 *(.ISR_isr_button_right_SEC_CARTO_32BIT)
 *(.ISR_isr_button_right_SEC_CONFIG_DATA_32BIT)
 *(.ISR_isr_button_right_SEC_CONST_16BIT)
 *(.ISR_isr_button_right_SEC_CALIB_16BIT)
 *(.ISR_isr_button_right_SEC_CARTO_16BIT)
 *(.ISR_isr_button_right_SEC_CONFIG_DATA_16BIT)
 *(.ISR_isr_button_right_SEC_CONST_8BIT)
 *(.ISR_isr_button_right_SEC_CALIB_8BIT)
 *(.ISR_isr_button_right_SEC_CARTO_8BIT)
 *(.ISR_isr_button_right_SEC_CONFIG_DATA_8BIT)
 *(.ISR_isr_button_right_SEC_CONST_BOOLEAN)
 *(.ISR_isr_button_right_SEC_CALIB_BOOLEAN)
 *(.ISR_isr_button_right_SEC_CARTO_BOOLEAN)
 *(.ISR_isr_button_right_SEC_CONFIG_DATA_BOOLEAN)
 *(.ISR_isr_button_right_SEC_CONST_UNSPECIFIED)
 *(.ISR_isr_button_right_SEC_CALIB_UNSPECIFIED)
 *(.ISR_isr_button_right_SEC_CARTO_UNSPECIFIED)
 *(.ISR_isr_button_right_SEC_CONFIG_DATA_UNSPECIFIED)
 *(.ISR_isr_button_start_SEC_CONST_32BIT)
 *(.ISR_isr_button_start_SEC_CALIB_32BIT)
 *(.ISR_isr_button_start_SEC_CARTO_32BIT)
 *(.ISR_isr_button_start_SEC_CONFIG_DATA_32BIT)
 *(.ISR_isr_button_start_SEC_CONST_16BIT)
 *(.ISR_isr_button_start_SEC_CALIB_16BIT)
 *(.ISR_isr_button_start_SEC_CARTO_16BIT)
 *(.ISR_isr_button_start_SEC_CONFIG_DATA_16BIT)
 *(.ISR_isr_button_start_SEC_CONST_8BIT)
 *(.ISR_isr_button_start_SEC_CALIB_8BIT)
 *(.ISR_isr_button_start_SEC_CARTO_8BIT)
 *(.ISR_isr_button_start_SEC_CONFIG_DATA_8BIT)
 *(.ISR_isr_button_start_SEC_CONST_BOOLEAN)
 *(.ISR_isr_button_start_SEC_CALIB_BOOLEAN)
 *(.ISR_isr_button_start_SEC_CARTO_BOOLEAN)
 *(.ISR_isr_button_start_SEC_CONFIG_DATA_BOOLEAN)
 *(.ISR_isr_button_start_SEC_CONST_UNSPECIFIED)
 *(.ISR_isr_button_start_SEC_CALIB_UNSPECIFIED)
 *(.ISR_isr_button_start_SEC_CARTO_UNSPECIFIED)
 *(.ISR_isr_button_start_SEC_CONFIG_DATA_UNSPECIFIED)
 *(.ISR_isr_button_stop_SEC_CONST_32BIT)
 *(.ISR_isr_button_stop_SEC_CALIB_32BIT)
 *(.ISR_isr_button_stop_SEC_CARTO_32BIT)
 *(.ISR_isr_button_stop_SEC_CONFIG_DATA_32BIT)
 *(.ISR_isr_button_stop_SEC_CONST_16BIT)
 *(.ISR_isr_button_stop_SEC_CALIB_16BIT)
 *(.ISR_isr_button_stop_SEC_CARTO_16BIT)
 *(.ISR_isr_button_stop_SEC_CONFIG_DATA_16BIT)
 *(.ISR_isr_button_stop_SEC_CONST_8BIT)
 *(.ISR_isr_button_stop_SEC_CALIB_8BIT)
 *(.ISR_isr_button_stop_SEC_CARTO_8BIT)
 *(.ISR_isr_button_stop_SEC_CONFIG_DATA_8BIT)
 *(.ISR_isr_button_stop_SEC_CONST_BOOLEAN)
 *(.ISR_isr_button_stop_SEC_CALIB_BOOLEAN)
 *(.ISR_isr_button_stop_SEC_CARTO_BOOLEAN)
 *(.ISR_isr_button_stop_SEC_CONFIG_DATA_BOOLEAN)
 *(.ISR_isr_button_stop_SEC_CONST_UNSPECIFIED)
 *(.ISR_isr_button_stop_SEC_CALIB_UNSPECIFIED)
 *(.ISR_isr_button_stop_SEC_CARTO_UNSPECIFIED)
 *(.ISR_isr_button_stop_SEC_CONFIG_DATA_UNSPECIFIED)
                0x00203e90                . = ALIGN (0x10)
                0x00203e8f                __SEG_STOP_APP_CODE_CONST_RGN = (. - 0x1)

procvars        0x00203e8c        0x0
                0x00203e8c                __SEG_START_Task_Task1_VAR_RGN = .
 *(.Task_Task1_SEC_VAR_NOINIT_32BIT)
 *(.Task_Task1_SEC_VAR_POWER_ON_INIT_32BIT)
 *(.Task_Task1_SEC_VAR_FAST_32BIT)
 *(.Task_Task1_SEC_VAR_32BIT)
 *(.Task_Task1_SEC_VAR_NOINIT_16BIT)
 *(.Task_Task1_SEC_VAR_POWER_ON_INIT_16BIT)
 *(.Task_Task1_SEC_VAR_FAST_16BIT)
 *(.Task_Task1_SEC_VAR_16BIT)
 *(.Task_Task1_SEC_VAR_NOINIT_8BIT)
 *(.Task_Task1_SEC_VAR_POWER_ON_INIT_8BIT)
 *(.Task_Task1_SEC_VAR_FAST_8BIT)
 *(.Task_Task1_SEC_VAR_8BIT)
 *(.Task_Task1_SEC_VAR_NOINIT_BOOLEAN)
 *(.Task_Task1_SEC_VAR_POWER_ON_INIT_BOOLEAN)
 *(.Task_Task1_SEC_VAR_FAST_BOOLEAN)
 *(.Task_Task1_SEC_VAR_BOOLEAN)
 *(.Task_Task1_SEC_VAR_NOINIT_UNSPECIFIED)
 *(.Task_Task1_SEC_VAR_POWER_ON_INIT_UNSPECIFIED)
 *(.Task_Task1_SEC_VAR_FAST_UNSPECIFIED)
 *(.Task_Task1_SEC_VAR_UNSPECIFIED)
                0x00203e8f                __SEG_END_Task_Task1_VAR_RGN = (ALIGN (0x10) - 0x1)
                0x00203e8c                __SEG_START_ISR_isr_button_left_VAR_RGN = .
 *(.ISR_isr_button_left_SEC_VAR_NOINIT_32BIT)
 *(.ISR_isr_button_left_SEC_VAR_POWER_ON_INIT_32BIT)
 *(.ISR_isr_button_left_SEC_VAR_FAST_32BIT)
 *(.ISR_isr_button_left_SEC_VAR_32BIT)
 *(.ISR_isr_button_left_SEC_VAR_NOINIT_16BIT)
 *(.ISR_isr_button_left_SEC_VAR_POWER_ON_INIT_16BIT)
 *(.ISR_isr_button_left_SEC_VAR_FAST_16BIT)
 *(.ISR_isr_button_left_SEC_VAR_16BIT)
 *(.ISR_isr_button_left_SEC_VAR_NOINIT_8BIT)
 *(.ISR_isr_button_left_SEC_VAR_POWER_ON_INIT_8BIT)
 *(.ISR_isr_button_left_SEC_VAR_FAST_8BIT)
 *(.ISR_isr_button_left_SEC_VAR_8BIT)
 *(.ISR_isr_button_left_SEC_VAR_NOINIT_BOOLEAN)
 *(.ISR_isr_button_left_SEC_VAR_POWER_ON_INIT_BOOLEAN)
 *(.ISR_isr_button_left_SEC_VAR_FAST_BOOLEAN)
 *(.ISR_isr_button_left_SEC_VAR_BOOLEAN)
 *(.ISR_isr_button_left_SEC_VAR_NOINIT_UNSPECIFIED)
 *(.ISR_isr_button_left_SEC_VAR_POWER_ON_INIT_UNSPECIFIED)
 *(.ISR_isr_button_left_SEC_VAR_FAST_UNSPECIFIED)
 *(.ISR_isr_button_left_SEC_VAR_UNSPECIFIED)
                0x00203e8f                __SEG_END_ISR_isr_button_left_VAR_RGN = (ALIGN (0x10) - 0x1)
                0x00203e8c                __SEG_START_ISR_isr_button_right_VAR_RGN = .
 *(.ISR_isr_button_right_SEC_VAR_NOINIT_32BIT)
 *(.ISR_isr_button_right_SEC_VAR_POWER_ON_INIT_32BIT)
 *(.ISR_isr_button_right_SEC_VAR_FAST_32BIT)
 *(.ISR_isr_button_right_SEC_VAR_32BIT)
 *(.ISR_isr_button_right_SEC_VAR_NOINIT_16BIT)
 *(.ISR_isr_button_right_SEC_VAR_POWER_ON_INIT_16BIT)
 *(.ISR_isr_button_right_SEC_VAR_FAST_16BIT)
 *(.ISR_isr_button_right_SEC_VAR_16BIT)
 *(.ISR_isr_button_right_SEC_VAR_NOINIT_8BIT)
 *(.ISR_isr_button_right_SEC_VAR_POWER_ON_INIT_8BIT)
 *(.ISR_isr_button_right_SEC_VAR_FAST_8BIT)
 *(.ISR_isr_button_right_SEC_VAR_8BIT)
 *(.ISR_isr_button_right_SEC_VAR_NOINIT_BOOLEAN)
 *(.ISR_isr_button_right_SEC_VAR_POWER_ON_INIT_BOOLEAN)
 *(.ISR_isr_button_right_SEC_VAR_FAST_BOOLEAN)
 *(.ISR_isr_button_right_SEC_VAR_BOOLEAN)
 *(.ISR_isr_button_right_SEC_VAR_NOINIT_UNSPECIFIED)
 *(.ISR_isr_button_right_SEC_VAR_POWER_ON_INIT_UNSPECIFIED)
 *(.ISR_isr_button_right_SEC_VAR_FAST_UNSPECIFIED)
 *(.ISR_isr_button_right_SEC_VAR_UNSPECIFIED)
                0x00203e8f                __SEG_END_ISR_isr_button_right_VAR_RGN = (ALIGN (0x10) - 0x1)
                0x00203e8c                __SEG_START_ISR_isr_button_start_VAR_RGN = .
 *(.ISR_isr_button_start_SEC_VAR_NOINIT_32BIT)
 *(.ISR_isr_button_start_SEC_VAR_POWER_ON_INIT_32BIT)
 *(.ISR_isr_button_start_SEC_VAR_FAST_32BIT)
 *(.ISR_isr_button_start_SEC_VAR_32BIT)
 *(.ISR_isr_button_start_SEC_VAR_NOINIT_16BIT)
 *(.ISR_isr_button_start_SEC_VAR_POWER_ON_INIT_16BIT)
 *(.ISR_isr_button_start_SEC_VAR_FAST_16BIT)
 *(.ISR_isr_button_start_SEC_VAR_16BIT)
 *(.ISR_isr_button_start_SEC_VAR_NOINIT_8BIT)
 *(.ISR_isr_button_start_SEC_VAR_POWER_ON_INIT_8BIT)
 *(.ISR_isr_button_start_SEC_VAR_FAST_8BIT)
 *(.ISR_isr_button_start_SEC_VAR_8BIT)
 *(.ISR_isr_button_start_SEC_VAR_NOINIT_BOOLEAN)
 *(.ISR_isr_button_start_SEC_VAR_POWER_ON_INIT_BOOLEAN)
 *(.ISR_isr_button_start_SEC_VAR_FAST_BOOLEAN)
 *(.ISR_isr_button_start_SEC_VAR_BOOLEAN)
 *(.ISR_isr_button_start_SEC_VAR_NOINIT_UNSPECIFIED)
 *(.ISR_isr_button_start_SEC_VAR_POWER_ON_INIT_UNSPECIFIED)
 *(.ISR_isr_button_start_SEC_VAR_FAST_UNSPECIFIED)
 *(.ISR_isr_button_start_SEC_VAR_UNSPECIFIED)
                0x00203e8f                __SEG_END_ISR_isr_button_start_VAR_RGN = (ALIGN (0x10) - 0x1)
                0x00203e8c                __SEG_START_ISR_isr_button_stop_VAR_RGN = .
 *(.ISR_isr_button_stop_SEC_VAR_NOINIT_32BIT)
 *(.ISR_isr_button_stop_SEC_VAR_POWER_ON_INIT_32BIT)
 *(.ISR_isr_button_stop_SEC_VAR_FAST_32BIT)
 *(.ISR_isr_button_stop_SEC_VAR_32BIT)
 *(.ISR_isr_button_stop_SEC_VAR_NOINIT_16BIT)
 *(.ISR_isr_button_stop_SEC_VAR_POWER_ON_INIT_16BIT)
 *(.ISR_isr_button_stop_SEC_VAR_FAST_16BIT)
 *(.ISR_isr_button_stop_SEC_VAR_16BIT)
 *(.ISR_isr_button_stop_SEC_VAR_NOINIT_8BIT)
 *(.ISR_isr_button_stop_SEC_VAR_POWER_ON_INIT_8BIT)
 *(.ISR_isr_button_stop_SEC_VAR_FAST_8BIT)
 *(.ISR_isr_button_stop_SEC_VAR_8BIT)
 *(.ISR_isr_button_stop_SEC_VAR_NOINIT_BOOLEAN)
 *(.ISR_isr_button_stop_SEC_VAR_POWER_ON_INIT_BOOLEAN)
 *(.ISR_isr_button_stop_SEC_VAR_FAST_BOOLEAN)
 *(.ISR_isr_button_stop_SEC_VAR_BOOLEAN)
 *(.ISR_isr_button_stop_SEC_VAR_NOINIT_UNSPECIFIED)
 *(.ISR_isr_button_stop_SEC_VAR_POWER_ON_INIT_UNSPECIFIED)
 *(.ISR_isr_button_stop_SEC_VAR_FAST_UNSPECIFIED)
 *(.ISR_isr_button_stop_SEC_VAR_UNSPECIFIED)
                0x00203e8f                __SEG_END_ISR_isr_button_stop_VAR_RGN = (ALIGN (0x10) - 0x1)

procstack       0x00203e8c      0x9c4
                0x00203e8c                __SEG_START_Task_Task1_STACK_RGN = .
 *(.Task_Task1Stack)
 .Task_Task1Stack
                0x00203e8c      0x1f4 build/obj/tpl_app_config.c.o
                0x00203e8c                Task1_stack_zone
                0x0020407f                __SEG_END_Task_Task1_STACK_RGN = (ALIGN (0x10) - 0x1)
                0x00204080                __SEG_START_ISR_isr_button_left_STACK_RGN = .
 *(.ISR_isr_button_leftStack)
 .ISR_isr_button_leftStack
                0x00204080      0x1f4 build/obj/tpl_app_config.c.o
                0x00204080                isr_button_left_stack_zone
                0x0020427f                __SEG_END_ISR_isr_button_left_STACK_RGN = (ALIGN (0x10) - 0x1)
                0x00204274                __SEG_START_ISR_isr_button_right_STACK_RGN = .
 *(.ISR_isr_button_rightStack)
 .ISR_isr_button_rightStack
                0x00204274      0x1f4 build/obj/tpl_app_config.c.o
                0x00204274                isr_button_right_stack_zone
                0x0020446f                __SEG_END_ISR_isr_button_right_STACK_RGN = (ALIGN (0x10) - 0x1)
                0x00204468                __SEG_START_ISR_isr_button_start_STACK_RGN = .
 *(.ISR_isr_button_startStack)
 .ISR_isr_button_startStack
                0x00204468      0x1f4 build/obj/tpl_app_config.c.o
                0x00204468                isr_button_start_stack_zone
                0x0020465f                __SEG_END_ISR_isr_button_start_STACK_RGN = (ALIGN (0x10) - 0x1)
                0x0020465c                __SEG_START_ISR_isr_button_stop_STACK_RGN = .
 *(.ISR_isr_button_stopStack)
 .ISR_isr_button_stopStack
                0x0020465c      0x1f4 build/obj/tpl_app_config.c.o
                0x0020465c                isr_button_stop_stack_zone
                0x0020484f                __SEG_END_ISR_isr_button_stop_STACK_RGN = (ALIGN (0x10) - 0x1)

appvars         0x00204850        0x0
                0x00204850                . = ALIGN (0x4)

text_garbage    0x00204850     0x2840
 *(.text*)
 .text.startup.main
                0x00204850       0x18 build/obj/robot_robot_concret.c.o
                0x00204850                main
 .text.robot_concret_step
                0x00204868      0x1f4 build/obj/robot_robot_concret.c.o
                0x00204868                robot_concret_step
 .text.Task1_function
                0x00204a5c       0xb0 build/obj/robot_robot_concret.c.o
                0x00204a5c                Task1_function
 .text.isr_button_start_function
                0x00204b0c       0x18 build/obj/robot_robot_concret.c.o
                0x00204b0c                isr_button_start_function
 .text.isr_button_stop_function
                0x00204b24       0x14 build/obj/robot_robot_concret.c.o
                0x00204b24                isr_button_stop_function
 .text.isr_button_left_function
                0x00204b38       0x18 build/obj/robot_robot_concret.c.o
                0x00204b38                isr_button_left_function
 .text.isr_button_right_function
                0x00204b50       0x18 build/obj/robot_robot_concret.c.o
                0x00204b50                isr_button_right_function
 .text.exception_catch_display
                0x00204b68       0xe0 build/obj/nxt_exception_catch.c.o
                0x00204b68                exception_catch_display
 .text          0x00204c48       0x68 build/obj/interrupts.s.o
                0x00204c48                interrupts_get_and_disable
                0x00204c6c                interrupts_enable
                0x00204c7c                fiq_get_and_disable
                0x00204ca0                fiq_enable
 .text.getDistance
                0x00204cb0       0x28 build/obj/ecrobot_interface.c.o
 .text.ecrobot_set_motor_speed
                0x00204cd8       0x14 build/obj/ecrobot_interface.c.o
                0x00204cd8                ecrobot_set_motor_speed
 .text.ecrobot_set_motor_rev
                0x00204cec       0x10 build/obj/ecrobot_interface.c.o
                0x00204cec                ecrobot_set_motor_rev
 .text.ecrobot_get_touch_sensor
                0x00204cfc       0x1c build/obj/ecrobot_interface.c.o
                0x00204cfc                ecrobot_get_touch_sensor
 .text.ecrobot_get_button_state
                0x00204d18       0x10 build/obj/ecrobot_interface.c.o
                0x00204d18                ecrobot_get_button_state
 .text.ecrobot_poll_nxtstate
                0x00204d28       0x8c build/obj/ecrobot_interface.c.o
                0x00204d28                ecrobot_poll_nxtstate
 .text.ecrobot_status_monitor
                0x00204db4      0x19c build/obj/ecrobot_interface.c.o
                0x00204db4                ecrobot_status_monitor
 .text.send_bt_command
                0x00204f50       0x68 build/obj/ecrobot_bluetooth.c.o
 .text.ecrobot_get_bt_status
                0x00204fb8       0x10 build/obj/ecrobot_bluetooth.c.o
                0x00204fb8                ecrobot_get_bt_status
 .text.ecrobot_term_bt_connection
                0x00204fc8       0x68 build/obj/ecrobot_bluetooth.c.o
                0x00204fc8                ecrobot_term_bt_connection
 .text.nxt_device_init
                0x00205030       0x38 build/obj/flash_loader.c.o
                0x00205030                nxt_device_init
 .text.aic_initialise
                0x00205068       0x74 build/obj/aic.c.o
                0x00205068                aic_initialise
 .text.aic_set_vector
                0x002050dc       0x3c build/obj/aic.c.o
                0x002050dc                aic_set_vector
 .text.aic_mask_on
                0x00205118       0x2c build/obj/aic.c.o
                0x00205118                aic_mask_on
 .text.aic_mask_off
                0x00205144       0x2c build/obj/aic.c.o
                0x00205144                aic_mask_off
 .text.aic_clear
                0x00205170       0x2c build/obj/aic.c.o
                0x00205170                aic_clear
 .text.nxt_avr_power_down
                0x0020519c       0x1c build/obj/nxt_avr.c.o
                0x0020519c                nxt_avr_power_down
 .text.nxt_avr_link_init
                0x002051b8       0x2c build/obj/nxt_avr.c.o
                0x002051b8                nxt_avr_link_init
 .text.nxt_avr_init
                0x002051e4       0x9c build/obj/nxt_avr.c.o
                0x002051e4                nxt_avr_init
 .text.nxt_avr_1kHz_update
                0x00205280      0x2a0 build/obj/nxt_avr.c.o
                0x00205280                nxt_avr_1kHz_update
 .text.buttons_get
                0x00205520       0x10 build/obj/nxt_avr.c.o
                0x00205520                buttons_get
 .text.battery_voltage
                0x00205530       0x34 build/obj/nxt_avr.c.o
                0x00205530                battery_voltage
 .text.sensor_adc
                0x00205564       0x28 build/obj/nxt_avr.c.o
                0x00205564                sensor_adc
 .text.nxt_avr_set_motor
                0x0020558c       0x34 build/obj/nxt_avr.c.o
                0x0020558c                nxt_avr_set_motor
 .text.nxt_avr_set_input_power
                0x002055c0       0x4c build/obj/nxt_avr.c.o
                0x002055c0                nxt_avr_set_input_power
 .text.i2c_timer_isr_C_function
                0x0020560c      0x3f8 build/obj/i2c.c.o
                0x0020560c                i2c_timer_isr_C_function
 .text.i2c_disable
                0x00205a04       0x34 build/obj/i2c.c.o
                0x00205a04                i2c_disable
 .text.i2c_init
                0x00205a38       0xcc build/obj/i2c.c.o
                0x00205a38                i2c_init
 .text.systick_low_priority_C_function
                0x00205b04       0x20 build/obj/systick.c.o
                0x00205b04                systick_low_priority_C_function
 .text.systick_isr_C_function
                0x00205b24       0x28 build/obj/systick.c.o
                0x00205b24                systick_isr_C_function
 .text.systick_get_ms
                0x00205b4c       0x10 build/obj/systick.c.o
                0x00205b4c                systick_get_ms
 .text.systick_wait_ms
                0x00205b5c       0x30 build/obj/systick.c.o
                0x00205b5c                systick_wait_ms
 .text.systick_wait_ns
                0x00205b8c       0x30 build/obj/systick.c.o
                0x00205b8c                systick_wait_ns
 .text.systick_init
                0x00205bbc       0x70 build/obj/systick.c.o
                0x00205bbc                systick_init
 .text.nxt_motor_get_count
                0x00205c2c       0x18 build/obj/nxt_motors.c.o
                0x00205c2c                nxt_motor_get_count
 .text.nxt_motor_set_count
                0x00205c44       0x14 build/obj/nxt_motors.c.o
                0x00205c44                nxt_motor_set_count
 .text.nxt_motor_set_speed
                0x00205c58       0x40 build/obj/nxt_motors.c.o
                0x00205c58                nxt_motor_set_speed
 .text.nxt_motor_1kHz_process
                0x00205c98       0x34 build/obj/nxt_motors.c.o
                0x00205c98                nxt_motor_1kHz_process
 .text.nxt_motor_quad_decode
                0x00205ccc       0x70 build/obj/nxt_motors.c.o
                0x00205ccc                nxt_motor_quad_decode
 .text.nxt_motor_isr_C_function
                0x00205d3c       0x9c build/obj/nxt_motors.c.o
                0x00205d3c                nxt_motor_isr_C_function
 .text.nxt_motor_init
                0x00205dd8       0x74 build/obj/nxt_motors.c.o
                0x00205dd8                nxt_motor_init
 .text.bt_isr_C_function
                0x00205e4c      0x110 build/obj/bt.c.o
                0x00205e4c                bt_isr_C_function
 .text.bt_init  0x00205f5c      0x150 build/obj/bt.c.o
                0x00205f5c                bt_init
 .text.bt_send  0x002060ac       0x60 build/obj/bt.c.o
                0x002060ac                bt_send
 .text.bt_clear_arm7_cmd
                0x0020610c       0x10 build/obj/bt.c.o
                0x0020610c                bt_clear_arm7_cmd
 .text.display_update
                0x0020611c       0x20 build/obj/display.c.o
                0x0020611c                display_update
 .text.display_force_update
                0x0020613c       0x10 build/obj/display.c.o
                0x0020613c                display_force_update
 .text.display_clear
                0x0020614c       0x30 build/obj/display.c.o
                0x0020614c                display_clear
 .text.display_goto_xy
                0x0020617c       0x1c build/obj/display.c.o
                0x0020617c                display_goto_xy
 .text.display_char
                0x00206198       0x70 build/obj/display.c.o
                0x00206198                display_char
 .text.display_string
                0x00206208       0x68 build/obj/display.c.o
                0x00206208                display_string
 .text.display_unsigned_worker
                0x00206270       0xb0 build/obj/display.c.o
 .text.display_hex
                0x00206320       0x70 build/obj/display.c.o
                0x00206320                display_hex
 .text.display_unsigned
                0x00206390        0x8 build/obj/display.c.o
                0x00206390                display_unsigned
 .text.display_int
                0x00206398       0x14 build/obj/display.c.o
                0x00206398                display_int
 .text.display_init
                0x002063ac       0x4c build/obj/display.c.o
                0x002063ac                display_init
 .text.unset_digi0
                0x002063f8       0x60 build/obj/sensors.c.o
                0x002063f8                unset_digi0
 .text.unset_digi1
                0x00206458       0x60 build/obj/sensors.c.o
                0x00206458                unset_digi1
 .text.init_sensors
                0x002064b8       0x6c build/obj/sensors.c.o
                0x002064b8                init_sensors
 .text.twi_status
                0x00206524       0x2c build/obj/twi.c.o
                0x00206524                twi_status
 .text.twi_isr_C_function
                0x00206550      0x120 build/obj/twi.c.o
                0x00206550                twi_isr_C_function
 .text.twi_reset
                0x00206670       0xc0 build/obj/twi.c.o
                0x00206670                twi_reset
 .text.twi_init
                0x00206730       0x64 build/obj/twi.c.o
                0x00206730                twi_init
 .text.twi_start_read
                0x00206794       0x70 build/obj/twi.c.o
                0x00206794                twi_start_read
 .text.twi_start_write
                0x00206804       0x70 build/obj/twi.c.o
                0x00206804                twi_start_write
 .text.nxt_lcd_command
                0x00206874       0x24 build/obj/nxt_lcd.c.o
                0x00206874                nxt_lcd_command
 .text.nxt_lcd_set_col
                0x00206898       0x24 build/obj/nxt_lcd.c.o
                0x00206898                nxt_lcd_set_col
 .text.nxt_lcd_set_page_address
                0x002068bc        0xc build/obj/nxt_lcd.c.o
                0x002068bc                nxt_lcd_set_page_address
 .text.nxt_lcd_set_pot
                0x002068c8       0x1c build/obj/nxt_lcd.c.o
                0x002068c8                nxt_lcd_set_pot
 .text.nxt_lcd_reset
                0x002068e4        0x8 build/obj/nxt_lcd.c.o
                0x002068e4                nxt_lcd_reset
 .text.nxt_lcd_force_update
                0x002068ec       0x50 build/obj/nxt_lcd.c.o
                0x002068ec                nxt_lcd_force_update
 .text.nxt_lcd_update
                0x0020693c       0x10 build/obj/nxt_lcd.c.o
                0x0020693c                nxt_lcd_update
 .text.nxt_lcd_power_up
                0x0020694c       0x5c build/obj/nxt_lcd.c.o
                0x0020694c                nxt_lcd_power_up
 .text.nxt_lcd_power_down
                0x002069a8        0x4 build/obj/nxt_lcd.c.o
                0x002069a8                nxt_lcd_power_down
 .text.nxt_lcd_init
                0x002069ac       0x1c build/obj/nxt_lcd.c.o
                0x002069ac                nxt_lcd_init
 .text.spi_set_mode
                0x002069c8       0x40 build/obj/nxt_spi.c.o
 .text.spi_isr_C_function
                0x00206a08       0x94 build/obj/nxt_spi.c.o
                0x00206a08                spi_isr_C_function
 .text.nxt_spi_init
                0x00206a9c      0x148 build/obj/nxt_spi.c.o
                0x00206a9c                nxt_spi_init
 .text.nxt_spi_write
                0x00206be4       0x58 build/obj/nxt_spi.c.o
                0x00206be4                nxt_spi_write
 .text.nxt_spi_set_display
                0x00206c3c       0x18 build/obj/nxt_spi.c.o
                0x00206c3c                nxt_spi_set_display
 .text.nxt_spi_refresh
                0x00206c54       0x30 build/obj/nxt_spi.c.o
                0x00206c54                nxt_spi_refresh
 .text.InitButtons
                0x00206c84       0x40 build/obj/buttons.c.o
                0x00206c84                InitButtons
 .text.check_buttons_status_function
                0x00206cc4       0x70 build/obj/buttons.c.o
                0x00206cc4                check_buttons_status_function
 .text          0x00206d34      0x114 /mnt/n7fs/nxt/gcc-arm-none-eabi-4_9-2015q3//lib/gcc/arm-none-eabi/4.9.3//libgcc.a(_udivsi3.o)
                0x00206d34                __udivsi3
                0x00206d34                __aeabi_uidiv
                0x00206e28                __aeabi_uidivmod
 .text          0x00206e48        0x4 /mnt/n7fs/nxt/gcc-arm-none-eabi-4_9-2015q3//lib/gcc/arm-none-eabi/4.9.3//libgcc.a(_dvmd_tls.o)
                0x00206e48                __aeabi_ldiv0
                0x00206e48                __aeabi_idiv0
 .text.memcpy   0x00206e4c       0xf0 /mnt/n7fs/nxt/gcc-arm-none-eabi-4_9-2015q3//arm-none-eabi/lib/libc.a(lib_a-memcpy.o)
                0x00206e4c                memcpy
 .text.memset   0x00206f3c       0xf4 /mnt/n7fs/nxt/gcc-arm-none-eabi-4_9-2015q3//arm-none-eabi/lib/libc.a(lib_a-memset.o)
                0x00206f3c                memset
 .text.strlen   0x00207030       0x60 /mnt/n7fs/nxt/gcc-arm-none-eabi-4_9-2015q3//arm-none-eabi/lib/libc.a(lib_a-strlen.o)
                0x00207030                strlen
                0x00207090                . = ALIGN (0x10)
                0x00200080                __ramtext_ram_start__ = ADDR (ostext)
                0x00207090                __ramtext_ram_end__ = (ADDR (text_garbage) + SIZEOF (text_garbage))
                0x00200080                __ramtext_load_start__ = LOADADDR (ostext)
                0x00207084                __ramtext_load_end__ = ((((((((((__ramtext_load_start__ + SIZEOF (ostext)) + SIZEOF (osconst)) + SIZEOF (osvars)) + SIZEOF (apptext)) + SIZEOF (appconst)) + SIZEOF (procconst)) + SIZEOF (procvars)) + SIZEOF (procstack)) + SIZEOF (appvars)) + SIZEOF (text_garbage))

.data           0x00207090      0x4a0
 *(*.data *.data.*)
 .data.distance_state
                0x00207090       0x10 build/obj/ecrobot_interface.c.o
 .data.bt_status
                0x002070a0        0x1 build/obj/ecrobot_bluetooth.c.o
 *fill*         0x002070a1        0x3 
 .data.display_auto_update
                0x002070a4        0x4 build/obj/display.c.o
                0x002070a4                display_auto_update
 .bss.data      0x002070a8        0x4 build/obj/nxt_spi.c.o
                0x002070a8                data
 .data.mode     0x002070ac        0x1 build/obj/nxt_spi.c.o
                0x002070ac                mode
 *fill*         0x002070ad        0x3 
 .data.isr_button_right_isr_helper
                0x002070b0        0xc build/obj/tpl_app_config.c.o
                0x002070b0                isr_button_right_isr_helper
 .data.isr_button_start_isr_helper
                0x002070bc        0xc build/obj/tpl_app_config.c.o
                0x002070bc                isr_button_start_isr_helper
 .data.isr_button_left_isr_helper
                0x002070c8        0xc build/obj/tpl_app_config.c.o
                0x002070c8                isr_button_left_isr_helper
 .data.isr_button_stop_isr_helper
                0x002070d4        0xc build/obj/tpl_app_config.c.o
                0x002070d4                isr_button_stop_isr_helper
 *(.rodata)
 .rodata        0x002070e0       0x20 build/obj/sensors.c.o
 *(.rodata*)
 .rodata.str1.1
                0x00207100       0x32 build/obj/robot_robot_concret.c.o
 .rodata.str1.1
                0x00207132       0x54 build/obj/nxt_exception_catch.c.o
 .rodata.str1.1
                0x00207186       0x6d build/obj/ecrobot_interface.c.o
 .rodata.avr_brainwash_string
                0x002071f3       0x30 build/obj/nxt_avr.c.o
                0x002071f3                avr_brainwash_string
 *fill*         0x00207223        0x1 
 .rodata.i2c_pin
                0x00207224       0x20 build/obj/i2c.c.o
 .rodata.str1.1
                0x00207244       0x67 build/obj/display.c.o
 .rodata.font   0x002072ab      0x280 build/obj/display.c.o
                0x00207530                . = ALIGN (0x10)
 *fill*         0x0020752b        0x5 

.igot.plt       0x00207530        0x0
 .igot.plt      0x00000000        0x0 build/obj/robot_robot_concret.c.o

.bss            0x00207530      0x94c
 *(.bss)
 *(.bss*)
 .bss.the_ctx   0x00207530       0x54 build/obj/robot_robot_concret.c.o
 .bss.tpl_it_nesting.5301
                0x00207584        0x4 build/obj/tpl_os_it_kernel.c.o
 .bss.tpl_counters_enabled
                0x00207588        0x1 build/obj/tpl_os_timeobj_kernel.c.o
 *fill*         0x00207589        0x3 
 .bss.saved_psr
                0x0020758c        0x4 build/obj/nxt_exception_catch.c.o
                0x0020758c                saved_psr
 .bss.exception_catch_id
                0x00207590        0x4 build/obj/nxt_exception_catch.c.o
                0x00207590                exception_catch_id
 .bss.exception_catch_pc
                0x00207594        0x4 build/obj/nxt_exception_catch.c.o
                0x00207594                exception_catch_pc
 .bss.ecrobot_inputs
                0x00207598        0x8 build/obj/ecrobot_interface.c.o
 .bss.buttons_states
                0x002075a0       0x14 build/obj/ecrobot_interface.c.o
 .bss.buttons_i
                0x002075b4        0x4 build/obj/ecrobot_interface.c.o
 .bss.handle    0x002075b8        0x1 build/obj/ecrobot_bluetooth.c.o
 .bss.sendBuf   0x002075b9       0xfe build/obj/ecrobot_bluetooth.c.o
 *fill*         0x002076b7        0x1 
 .bss.update_count
                0x002076b8        0x4 build/obj/nxt_avr.c.o
 .bss.debounce_state
                0x002076bc        0x2 build/obj/nxt_avr.c.o
 .bss.button_state
                0x002076be        0x2 build/obj/nxt_avr.c.o
 .bss.from_buf  0x002076c0        0x4 build/obj/nxt_avr.c.o
 .bss.io_from_avr
                0x002076c4        0x4 build/obj/nxt_avr.c.o
 .bss.data_from_avr
                0x002076c8       0x1a build/obj/nxt_avr.c.o
 .bss.debounce_cnt
                0x002076e2        0x2 build/obj/nxt_avr.c.o
 .bss.nxt_avr_stats
                0x002076e4       0x14 build/obj/nxt_avr.c.o
 .bss.link_state
                0x002076f8        0x4 build/obj/nxt_avr.c.o
 .bss.io_to_avr
                0x002076fc        0x8 build/obj/nxt_avr.c.o
 .bss.prev_buttons
                0x00207704        0x2 build/obj/nxt_avr.c.o
 .bss.data_to_avr
                0x00207706        0x9 build/obj/nxt_avr.c.o
 *fill*         0x0020770f        0x1 
 .bss.i2c_port  0x00207710      0x170 build/obj/i2c.c.o
 .bss.i2c_int_count
                0x00207880        0x4 build/obj/i2c.c.o
 .bss.systick_ms
                0x00207884        0x4 build/obj/systick.c.o
 .bss.motor     0x00207888       0x30 build/obj/nxt_motors.c.o
 .bss.nxt_motor_initialised
                0x002078b8        0x4 build/obj/nxt_motors.c.o
 .bss.interrupts_this_period
                0x002078bc        0x4 build/obj/nxt_motors.c.o
 .bss.bt_state  0x002078c0        0x1 build/obj/bt.c.o
                0x002078c0                bt_state
 .bss.out_buf_ptr
                0x002078c1        0x1 build/obj/bt.c.o
 .bss.out_buf   0x002078c2      0x200 build/obj/bt.c.o
 *fill*         0x00207ac2        0x2 
 .bss.buf_ptr   0x00207ac4        0x4 build/obj/bt.c.o
 .bss.bt_frame_received
                0x00207ac8        0x1 build/obj/bt.c.o
                0x00207ac8                bt_frame_received
 *fill*         0x00207ac9        0x1 
 .bss.bt_length
                0x00207aca        0x2 build/obj/bt.c.o
                0x00207aca                bt_length
 .bss.in_buf_in_ptr
                0x00207acc        0x1 build/obj/bt.c.o
 *fill*         0x00207acd        0x3 
 .bss.in_buf_idx
                0x00207ad0        0x4 build/obj/bt.c.o
 .bss.display_array
                0x00207ad4      0x388 build/obj/display.c.o
 .bss.display_tick
                0x00207e5c        0x4 build/obj/display.c.o
                0x00207e5c                display_tick
 .bss.twi_state
                0x00207e60        0x1 build/obj/twi.c.o
 *fill*         0x00207e61        0x3 
 .bss.twi_ptr   0x00207e64        0x4 build/obj/twi.c.o
 .bss.twi_pending
                0x00207e68        0x4 build/obj/twi.c.o
 .bss.twi_mask  0x00207e6c        0x4 build/obj/twi.c.o
 .bss.display   0x00207e70        0x4 build/obj/nxt_lcd.c.o
 .bss.dirty     0x00207e74        0x1 build/obj/nxt_spi.c.o
                0x00207e74                dirty
 .bss.page      0x00207e75        0x1 build/obj/nxt_spi.c.o
                0x00207e75                page
 *fill*         0x00207e76        0x2 
 .bss.display   0x00207e78        0x4 build/obj/nxt_spi.c.o
                0x00207e78                display
                0x00207e80                . = ALIGN (0x10)

garbage         0x00207e7c      0x194
 *(COMMON)
 COMMON         0x00207e7c        0xc build/obj/robot_robot_concret.c.o
                0x00207e7c                speedC
                0x00207e80                speedB
                0x00207e84                speedA
 COMMON         0x00207e88      0x180 build/obj/bt.c.o
                0x00207e88                in_buf
                0x00207f88                bt_frame
 COMMON         0x00208008        0x8 build/obj/display.c.o
                0x00208008                display_x
                0x0020800c                display_y
                0x00207090                __data_ram_start__ = ADDR (.data)
                0x00208010                __data_ram_end__ = (ADDR (garbage) + SIZEOF (garbage))
                0x00207090                __data_load_start__ = LOADADDR (.data)
                0x00208010                __data_load_end__ = (((__data_load_start__ + SIZEOF (.data)) + SIZEOF (.bss)) + SIZEOF (garbage))

.comment        0x00208010       0x70
 *(.glue_7*)
 .glue_7        0x00000000        0x0 linker stubs
 .glue_7t       0x00000000        0x0 linker stubs
 *(.comment)
 .comment       0x00208010       0x70 build/obj/robot_robot_concret.c.o
                                 0x71 (size before relaxing)
 .comment       0x00000000       0x71 build/obj/tpl_dispatch_table.c.o
 .comment       0x00000000       0x71 build/obj/tpl_os_alarm_kernel.c.o
 .comment       0x00000000       0x71 build/obj/tpl_os_event_kernel.c.o
 .comment       0x00000000       0x71 build/obj/tpl_os_it_kernel.c.o
 .comment       0x00000000       0x71 build/obj/tpl_os_rez_kernel.c.o
 .comment       0x00000000       0x71 build/obj/tpl_os_task_kernel.c.o
 .comment       0x00000000       0x71 build/obj/tpl_os_timeobj_kernel.c.o
 .comment       0x00000000       0x71 build/obj/tpl_os_kernel.c.o
 .comment       0x00000000       0x71 build/obj/tpl_os_action.c.o
 .comment       0x00000000       0x71 build/obj/tpl_os.c.o
 .comment       0x00000000       0x71 build/obj/tpl_machine_arm_generic.c.o
 .comment       0x00000000       0x71 build/obj/nxt_tpl_stubs.c.o
 .comment       0x00000000       0x71 build/obj/nxt_irq.c.o
 .comment       0x00000000       0x71 build/obj/nxt_exception_catch.c.o
 .comment       0x00000000       0x71 build/obj/ecrobot_interface.c.o
 .comment       0x00000000       0x71 build/obj/ecrobot_bluetooth.c.o
 .comment       0x00000000       0x71 build/obj/flash_loader.c.o
 .comment       0x00000000       0x71 build/obj/aic.c.o
 .comment       0x00000000       0x71 build/obj/nxt_avr.c.o
 .comment       0x00000000       0x71 build/obj/i2c.c.o
 .comment       0x00000000       0x71 build/obj/systick.c.o
 .comment       0x00000000       0x71 build/obj/nxt_motors.c.o
 .comment       0x00000000       0x71 build/obj/bt.c.o
 .comment       0x00000000       0x71 build/obj/display.c.o
 .comment       0x00000000       0x71 build/obj/sensors.c.o
 .comment       0x00000000       0x71 build/obj/twi.c.o
 .comment       0x00000000       0x71 build/obj/nxt_lcd.c.o
 .comment       0x00000000       0x71 build/obj/nxt_spi.c.o
 .comment       0x00000000       0x71 build/obj/buttons.c.o
 .comment       0x00000000       0x71 build/obj/tpl_app_config.c.o
OUTPUT(robot_robot_concret_exe elf32-littlearm)

.ARM.attributes
                0x00000000       0x2e
 .ARM.attributes
                0x00000000       0x30 build/obj/robot_robot_concret.c.o
 .ARM.attributes
                0x00000030       0x30 build/obj/tpl_dispatch_table.c.o
 .ARM.attributes
                0x00000060       0x20 build/obj/tpl_invoque.S.o
 .ARM.attributes
                0x00000080       0x30 build/obj/tpl_os_alarm_kernel.c.o
 .ARM.attributes
                0x000000b0       0x30 build/obj/tpl_os_event_kernel.c.o
 .ARM.attributes
                0x000000e0       0x30 build/obj/tpl_os_it_kernel.c.o
 .ARM.attributes
                0x00000110       0x30 build/obj/tpl_os_rez_kernel.c.o
 .ARM.attributes
                0x00000140       0x30 build/obj/tpl_os_task_kernel.c.o
 .ARM.attributes
                0x00000170       0x30 build/obj/tpl_os_timeobj_kernel.c.o
 .ARM.attributes
                0x000001a0       0x30 build/obj/tpl_os_kernel.c.o
 .ARM.attributes
                0x000001d0       0x30 build/obj/tpl_os_action.c.o
 .ARM.attributes
                0x00000200       0x30 build/obj/tpl_os.c.o
 .ARM.attributes
                0x00000230       0x30 build/obj/tpl_machine_arm_generic.c.o
 .ARM.attributes
                0x00000260       0x20 build/obj/tpl_irq.S.o
 .ARM.attributes
                0x00000280       0x20 build/obj/tpl_system_call.S.o
 .ARM.attributes
                0x000002a0       0x20 build/obj/tpl_stacks.S.o
 .ARM.attributes
                0x000002c0       0x20 build/obj/tpl_vector_table.s.o
 .ARM.attributes
                0x000002e0       0x20 build/obj/nxt_tpl_sleep.S.o
 .ARM.attributes
                0x00000300       0x30 build/obj/nxt_tpl_stubs.c.o
 .ARM.attributes
                0x00000330       0x30 build/obj/nxt_irq.c.o
 .ARM.attributes
                0x00000360       0x20 build/obj/nxt_exception_catch.S.o
 .ARM.attributes
                0x00000380       0x20 build/obj/nxt_bootstrap_stage1.S.o
 .ARM.attributes
                0x000003a0       0x30 build/obj/nxt_exception_catch.c.o
 .ARM.attributes
                0x000003d0       0x20 build/obj/nxt_binary_header.s.o
 .ARM.attributes
                0x000003f0       0x20 build/obj/nxt_entry_point.s.o
 .ARM.attributes
                0x00000410       0x20 build/obj/interrupts.s.o
 .ARM.attributes
                0x00000430       0x30 build/obj/ecrobot_interface.c.o
 .ARM.attributes
                0x00000460       0x30 build/obj/ecrobot_bluetooth.c.o
 .ARM.attributes
                0x00000490       0x30 build/obj/flash_loader.c.o
 .ARM.attributes
                0x000004c0       0x30 build/obj/aic.c.o
 .ARM.attributes
                0x000004f0       0x30 build/obj/nxt_avr.c.o
 .ARM.attributes
                0x00000520       0x30 build/obj/i2c.c.o
 .ARM.attributes
                0x00000550       0x30 build/obj/systick.c.o
 .ARM.attributes
                0x00000580       0x30 build/obj/nxt_motors.c.o
 .ARM.attributes
                0x000005b0       0x30 build/obj/bt.c.o
 .ARM.attributes
                0x000005e0       0x30 build/obj/display.c.o
 .ARM.attributes
                0x00000610       0x30 build/obj/sensors.c.o
 .ARM.attributes
                0x00000640       0x30 build/obj/twi.c.o
 .ARM.attributes
                0x00000670       0x30 build/obj/nxt_lcd.c.o
 .ARM.attributes
                0x000006a0       0x30 build/obj/nxt_spi.c.o
 .ARM.attributes
                0x000006d0       0x30 build/obj/buttons.c.o
 .ARM.attributes
                0x00000700       0x30 build/obj/tpl_app_config.c.o
 .ARM.attributes
                0x00000730       0x18 /mnt/n7fs/nxt/gcc-arm-none-eabi-4_9-2015q3//lib/gcc/arm-none-eabi/4.9.3//libgcc.a(_udivsi3.o)
 .ARM.attributes
                0x00000748       0x18 /mnt/n7fs/nxt/gcc-arm-none-eabi-4_9-2015q3//lib/gcc/arm-none-eabi/4.9.3//libgcc.a(_dvmd_tls.o)
 .ARM.attributes
                0x00000760       0x30 /mnt/n7fs/nxt/gcc-arm-none-eabi-4_9-2015q3//arm-none-eabi/lib/libc.a(lib_a-memcpy.o)
 .ARM.attributes
                0x00000790       0x30 /mnt/n7fs/nxt/gcc-arm-none-eabi-4_9-2015q3//arm-none-eabi/lib/libc.a(lib_a-memset.o)
 .ARM.attributes
                0x000007c0       0x30 /mnt/n7fs/nxt/gcc-arm-none-eabi-4_9-2015q3//arm-none-eabi/lib/libc.a(lib_a-strlen.o)

.vfp11_veneer   0x00208080        0x0 load address 0x000007f0
 .vfp11_veneer  0x00000000        0x0 linker stubs

.v4_bx          0x00208080        0x0 load address 0x000007f0
 .v4_bx         0x00000000        0x0 linker stubs

.iplt           0x00208080        0x0 load address 0x000007f0
 .iplt          0x00000000        0x0 build/obj/robot_robot_concret.c.o

.rel.dyn        0x00208080        0x0 load address 0x000007f0
 .rel.iplt      0x00000000        0x0 build/obj/robot_robot_concret.c.o

.debug_info     0x00000000     0xfac6
 .debug_info    0x00000000      0xeab build/obj/robot_robot_concret.c.o
 .debug_info    0x00000eab      0x2bb build/obj/tpl_dispatch_table.c.o
 .debug_info    0x00001166       0x77 build/obj/tpl_invoque.S.o
 .debug_info    0x000011dd      0x803 build/obj/tpl_os_alarm_kernel.c.o
 .debug_info    0x000019e0      0x6f3 build/obj/tpl_os_event_kernel.c.o
 .debug_info    0x000020d3      0x992 build/obj/tpl_os_it_kernel.c.o
 .debug_info    0x00002a65      0x72c build/obj/tpl_os_rez_kernel.c.o
 .debug_info    0x00003191      0x7eb build/obj/tpl_os_task_kernel.c.o
 .debug_info    0x0000397c      0x639 build/obj/tpl_os_timeobj_kernel.c.o
 .debug_info    0x00003fb5      0xe46 build/obj/tpl_os_kernel.c.o
 .debug_info    0x00004dfb      0x4c4 build/obj/tpl_os_action.c.o
 .debug_info    0x000052bf      0x302 build/obj/tpl_os.c.o
 .debug_info    0x000055c1      0x68b build/obj/tpl_machine_arm_generic.c.o
 .debug_info    0x00005c4c       0x98 build/obj/tpl_irq.S.o
 .debug_info    0x00005ce4       0xa0 build/obj/tpl_system_call.S.o
 .debug_info    0x00005d84       0xa1 build/obj/tpl_vector_table.s.o
 .debug_info    0x00005e25       0xa2 build/obj/nxt_tpl_sleep.S.o
 .debug_info    0x00005ec7      0x407 build/obj/nxt_tpl_stubs.c.o
 .debug_info    0x000062ce      0x37a build/obj/nxt_irq.c.o
 .debug_info    0x00006648       0xa8 build/obj/nxt_exception_catch.S.o
 .debug_info    0x000066f0       0xa9 build/obj/nxt_bootstrap_stage1.S.o
 .debug_info    0x00006799      0x1dd build/obj/nxt_exception_catch.c.o
 .debug_info    0x00006976       0xa4 build/obj/nxt_entry_point.s.o
 .debug_info    0x00006a1a       0x9f build/obj/interrupts.s.o
 .debug_info    0x00006ab9     0x202a build/obj/ecrobot_interface.c.o
 .debug_info    0x00008ae3      0xdfd build/obj/ecrobot_bluetooth.c.o
 .debug_info    0x000098e0      0xa3f build/obj/flash_loader.c.o
 .debug_info    0x0000a31f      0x945 build/obj/aic.c.o
 .debug_info    0x0000ac64      0x695 build/obj/nxt_avr.c.o
 .debug_info    0x0000b2f9      0x6ca build/obj/i2c.c.o
 .debug_info    0x0000b9c3      0x2ed build/obj/systick.c.o
 .debug_info    0x0000bcb0      0x3d0 build/obj/nxt_motors.c.o
 .debug_info    0x0000c080      0x851 build/obj/bt.c.o
 .debug_info    0x0000c8d1      0x9f3 build/obj/display.c.o
 .debug_info    0x0000d2c4      0x66c build/obj/sensors.c.o
 .debug_info    0x0000d930      0x2f5 build/obj/twi.c.o
 .debug_info    0x0000dc25      0x807 build/obj/nxt_lcd.c.o
 .debug_info    0x0000e42c      0x2ea build/obj/nxt_spi.c.o
 .debug_info    0x0000e716      0x44b build/obj/buttons.c.o
 .debug_info    0x0000eb61      0xf65 build/obj/tpl_app_config.c.o

.debug_abbrev   0x00000000     0x3fdc
 .debug_abbrev  0x00000000      0x283 build/obj/robot_robot_concret.c.o
 .debug_abbrev  0x00000283       0xe8 build/obj/tpl_dispatch_table.c.o
 .debug_abbrev  0x0000036b       0x14 build/obj/tpl_invoque.S.o
 .debug_abbrev  0x0000037f      0x21e build/obj/tpl_os_alarm_kernel.c.o
 .debug_abbrev  0x0000059d      0x198 build/obj/tpl_os_event_kernel.c.o
 .debug_abbrev  0x00000735      0x31f build/obj/tpl_os_it_kernel.c.o
 .debug_abbrev  0x00000a54      0x1d0 build/obj/tpl_os_rez_kernel.c.o
 .debug_abbrev  0x00000c24      0x24b build/obj/tpl_os_task_kernel.c.o
 .debug_abbrev  0x00000e6f      0x20c build/obj/tpl_os_timeobj_kernel.c.o
 .debug_abbrev  0x0000107b      0x291 build/obj/tpl_os_kernel.c.o
 .debug_abbrev  0x0000130c      0x15e build/obj/tpl_os_action.c.o
 .debug_abbrev  0x0000146a      0x143 build/obj/tpl_os.c.o
 .debug_abbrev  0x000015ad      0x1c6 build/obj/tpl_machine_arm_generic.c.o
 .debug_abbrev  0x00001773       0x14 build/obj/tpl_irq.S.o
 .debug_abbrev  0x00001787       0x14 build/obj/tpl_system_call.S.o
 .debug_abbrev  0x0000179b       0x14 build/obj/tpl_vector_table.s.o
 .debug_abbrev  0x000017af       0x14 build/obj/nxt_tpl_sleep.S.o
 .debug_abbrev  0x000017c3      0x152 build/obj/nxt_tpl_stubs.c.o
 .debug_abbrev  0x00001915      0x155 build/obj/nxt_irq.c.o
 .debug_abbrev  0x00001a6a       0x14 build/obj/nxt_exception_catch.S.o
 .debug_abbrev  0x00001a7e       0x14 build/obj/nxt_bootstrap_stage1.S.o
 .debug_abbrev  0x00001a92       0xbf build/obj/nxt_exception_catch.c.o
 .debug_abbrev  0x00001b51       0x14 build/obj/nxt_entry_point.s.o
 .debug_abbrev  0x00001b65       0x14 build/obj/interrupts.s.o
 .debug_abbrev  0x00001b79      0x405 build/obj/ecrobot_interface.c.o
 .debug_abbrev  0x00001f7e      0x3e8 build/obj/ecrobot_bluetooth.c.o
 .debug_abbrev  0x00002366      0x268 build/obj/flash_loader.c.o
 .debug_abbrev  0x000025ce      0x11f build/obj/aic.c.o
 .debug_abbrev  0x000026ed      0x26c build/obj/nxt_avr.c.o
 .debug_abbrev  0x00002959      0x2a7 build/obj/i2c.c.o
 .debug_abbrev  0x00002c00      0x126 build/obj/systick.c.o
 .debug_abbrev  0x00002d26      0x1b7 build/obj/nxt_motors.c.o
 .debug_abbrev  0x00002edd      0x2fd build/obj/bt.c.o
 .debug_abbrev  0x000031da      0x387 build/obj/display.c.o
 .debug_abbrev  0x00003561      0x1de build/obj/sensors.c.o
 .debug_abbrev  0x0000373f      0x159 build/obj/twi.c.o
 .debug_abbrev  0x00003898      0x1ba build/obj/nxt_lcd.c.o
 .debug_abbrev  0x00003a52      0x1ab build/obj/nxt_spi.c.o
 .debug_abbrev  0x00003bfd      0x19e build/obj/buttons.c.o
 .debug_abbrev  0x00003d9b      0x241 build/obj/tpl_app_config.c.o

.debug_loc      0x00000000     0x41d6
 .debug_loc     0x00000000      0x501 build/obj/robot_robot_concret.c.o
 .debug_loc     0x00000501      0x364 build/obj/tpl_os_alarm_kernel.c.o
 .debug_loc     0x00000865      0x126 build/obj/tpl_os_event_kernel.c.o
 .debug_loc     0x0000098b       0x89 build/obj/tpl_os_it_kernel.c.o
 .debug_loc     0x00000a14       0xf3 build/obj/tpl_os_rez_kernel.c.o
 .debug_loc     0x00000b07      0x119 build/obj/tpl_os_task_kernel.c.o
 .debug_loc     0x00000c20      0x197 build/obj/tpl_os_timeobj_kernel.c.o
 .debug_loc     0x00000db7      0x326 build/obj/tpl_os_kernel.c.o
 .debug_loc     0x000010dd       0xac build/obj/tpl_os_action.c.o
 .debug_loc     0x00001189       0x21 build/obj/tpl_os.c.o
 .debug_loc     0x000011aa       0x55 build/obj/tpl_machine_arm_generic.c.o
 .debug_loc     0x000011ff       0x13 build/obj/nxt_irq.c.o
 .debug_loc     0x00001212      0xdb9 build/obj/ecrobot_interface.c.o
 .debug_loc     0x00001fcb      0x58d build/obj/ecrobot_bluetooth.c.o
 .debug_loc     0x00002558      0x203 build/obj/flash_loader.c.o
 .debug_loc     0x0000275b      0x173 build/obj/aic.c.o
 .debug_loc     0x000028ce      0x237 build/obj/nxt_avr.c.o
 .debug_loc     0x00002b05      0x494 build/obj/i2c.c.o
 .debug_loc     0x00002f99       0x60 build/obj/systick.c.o
 .debug_loc     0x00002ff9      0x1d3 build/obj/nxt_motors.c.o
 .debug_loc     0x000031cc      0x419 build/obj/bt.c.o
 .debug_loc     0x000035e5      0x50a build/obj/display.c.o
 .debug_loc     0x00003aef      0x168 build/obj/sensors.c.o
 .debug_loc     0x00003c57      0x16b build/obj/twi.c.o
 .debug_loc     0x00003dc2      0x2b2 build/obj/nxt_lcd.c.o
 .debug_loc     0x00004074       0xda build/obj/nxt_spi.c.o
 .debug_loc     0x0000414e       0x69 build/obj/buttons.c.o
 .debug_loc     0x000041b7       0x1f build/obj/tpl_app_config.c.o

.debug_aranges  0x00000000      0xce0
 .debug_aranges
                0x00000000       0xc8 build/obj/robot_robot_concret.c.o
 .debug_aranges
                0x000000c8       0x18 build/obj/tpl_dispatch_table.c.o
 .debug_aranges
                0x000000e0       0x20 build/obj/tpl_invoque.S.o
 .debug_aranges
                0x00000100       0x48 build/obj/tpl_os_alarm_kernel.c.o
 .debug_aranges
                0x00000148       0x38 build/obj/tpl_os_event_kernel.c.o
 .debug_aranges
                0x00000180       0x80 build/obj/tpl_os_it_kernel.c.o
 .debug_aranges
                0x00000200       0x30 build/obj/tpl_os_rez_kernel.c.o
 .debug_aranges
                0x00000230       0x48 build/obj/tpl_os_task_kernel.c.o
 .debug_aranges
                0x00000278       0x38 build/obj/tpl_os_timeobj_kernel.c.o
 .debug_aranges
                0x000002b0       0xb0 build/obj/tpl_os_kernel.c.o
 .debug_aranges
                0x00000360       0x30 build/obj/tpl_os_action.c.o
 .debug_aranges
                0x00000390       0x20 build/obj/tpl_os.c.o
 .debug_aranges
                0x000003b0       0x50 build/obj/tpl_machine_arm_generic.c.o
 .debug_aranges
                0x00000400       0x20 build/obj/tpl_irq.S.o
 .debug_aranges
                0x00000420       0x20 build/obj/tpl_system_call.S.o
 .debug_aranges
                0x00000440       0x20 build/obj/tpl_vector_table.s.o
 .debug_aranges
                0x00000460       0x20 build/obj/nxt_tpl_sleep.S.o
 .debug_aranges
                0x00000480       0x28 build/obj/nxt_tpl_stubs.c.o
 .debug_aranges
                0x000004a8       0x28 build/obj/nxt_irq.c.o
 .debug_aranges
                0x000004d0       0x20 build/obj/nxt_exception_catch.S.o
 .debug_aranges
                0x000004f0       0x20 build/obj/nxt_bootstrap_stage1.S.o
 .debug_aranges
                0x00000510       0x20 build/obj/nxt_exception_catch.c.o
 .debug_aranges
                0x00000530       0x20 build/obj/nxt_entry_point.s.o
 .debug_aranges
                0x00000550       0x20 build/obj/interrupts.s.o
 .debug_aranges
                0x00000570      0x168 build/obj/ecrobot_interface.c.o
 .debug_aranges
                0x000006d8       0x90 build/obj/ecrobot_bluetooth.c.o
 .debug_aranges
                0x00000768       0x50 build/obj/flash_loader.c.o
 .debug_aranges
                0x000007b8       0x40 build/obj/aic.c.o
 .debug_aranges
                0x000007f8       0x68 build/obj/nxt_avr.c.o
 .debug_aranges
                0x00000860       0x48 build/obj/i2c.c.o
 .debug_aranges
                0x000008a8       0x60 build/obj/systick.c.o
 .debug_aranges
                0x00000908       0x58 build/obj/nxt_motors.c.o
 .debug_aranges
                0x00000960       0x88 build/obj/bt.c.o
 .debug_aranges
                0x000009e8       0x98 build/obj/display.c.o
 .debug_aranges
                0x00000a80       0x58 build/obj/sensors.c.o
 .debug_aranges
                0x00000ad8       0x48 build/obj/twi.c.o
 .debug_aranges
                0x00000b20       0xd0 build/obj/nxt_lcd.c.o
 .debug_aranges
                0x00000bf0       0x48 build/obj/nxt_spi.c.o
 .debug_aranges
                0x00000c38       0x28 build/obj/buttons.c.o
 .debug_aranges
                0x00000c60       0x80 build/obj/tpl_app_config.c.o

.debug_ranges   0x00000000      0xc88
 .debug_ranges  0x00000000      0x1c0 build/obj/robot_robot_concret.c.o
 .debug_ranges  0x000001c0       0x50 build/obj/tpl_os_alarm_kernel.c.o
 .debug_ranges  0x00000210       0x28 build/obj/tpl_os_event_kernel.c.o
 .debug_ranges  0x00000238       0x70 build/obj/tpl_os_it_kernel.c.o
 .debug_ranges  0x000002a8       0x20 build/obj/tpl_os_rez_kernel.c.o
 .debug_ranges  0x000002c8       0x38 build/obj/tpl_os_task_kernel.c.o
 .debug_ranges  0x00000300       0x28 build/obj/tpl_os_timeobj_kernel.c.o
 .debug_ranges  0x00000328       0xa0 build/obj/tpl_os_kernel.c.o
 .debug_ranges  0x000003c8       0x20 build/obj/tpl_os_action.c.o
 .debug_ranges  0x000003e8       0x10 build/obj/tpl_os.c.o
 .debug_ranges  0x000003f8       0x40 build/obj/tpl_machine_arm_generic.c.o
 .debug_ranges  0x00000438       0x18 build/obj/nxt_tpl_stubs.c.o
 .debug_ranges  0x00000450       0x18 build/obj/nxt_irq.c.o
 .debug_ranges  0x00000468       0x10 build/obj/nxt_exception_catch.c.o
 .debug_ranges  0x00000478      0x1a8 build/obj/ecrobot_interface.c.o
 .debug_ranges  0x00000620       0xb0 build/obj/ecrobot_bluetooth.c.o
 .debug_ranges  0x000006d0       0x40 build/obj/flash_loader.c.o
 .debug_ranges  0x00000710       0x30 build/obj/aic.c.o
 .debug_ranges  0x00000740       0x70 build/obj/nxt_avr.c.o
 .debug_ranges  0x000007b0       0x38 build/obj/i2c.c.o
 .debug_ranges  0x000007e8       0x50 build/obj/systick.c.o
 .debug_ranges  0x00000838       0x48 build/obj/nxt_motors.c.o
 .debug_ranges  0x00000880       0xc0 build/obj/bt.c.o
 .debug_ranges  0x00000940      0x130 build/obj/display.c.o
 .debug_ranges  0x00000a70       0x48 build/obj/sensors.c.o
 .debug_ranges  0x00000ab8       0x38 build/obj/twi.c.o
 .debug_ranges  0x00000af0       0xd8 build/obj/nxt_lcd.c.o
 .debug_ranges  0x00000bc8       0x38 build/obj/nxt_spi.c.o
 .debug_ranges  0x00000c00       0x18 build/obj/buttons.c.o
 .debug_ranges  0x00000c18       0x70 build/obj/tpl_app_config.c.o

.debug_line     0x00000000     0x6258
 .debug_line    0x00000000      0x59c build/obj/robot_robot_concret.c.o
 .debug_line    0x0000059c      0x188 build/obj/tpl_dispatch_table.c.o
 .debug_line    0x00000724       0x96 build/obj/tpl_invoque.S.o
 .debug_line    0x000007ba      0x31e build/obj/tpl_os_alarm_kernel.c.o
 .debug_line    0x00000ad8      0x2b8 build/obj/tpl_os_event_kernel.c.o
 .debug_line    0x00000d90      0x31e build/obj/tpl_os_it_kernel.c.o
 .debug_line    0x000010ae      0x2f8 build/obj/tpl_os_rez_kernel.c.o
 .debug_line    0x000013a6      0x2ef build/obj/tpl_os_task_kernel.c.o
 .debug_line    0x00001695      0x2af build/obj/tpl_os_timeobj_kernel.c.o
 .debug_line    0x00001944      0x47f build/obj/tpl_os_kernel.c.o
 .debug_line    0x00001dc3      0x246 build/obj/tpl_os_action.c.o
 .debug_line    0x00002009      0x204 build/obj/tpl_os.c.o
 .debug_line    0x0000220d      0x2bf build/obj/tpl_machine_arm_generic.c.o
 .debug_line    0x000024cc       0xa0 build/obj/tpl_irq.S.o
 .debug_line    0x0000256c       0xbc build/obj/tpl_system_call.S.o
 .debug_line    0x00002628       0x7c build/obj/tpl_vector_table.s.o
 .debug_line    0x000026a4       0x6e build/obj/nxt_tpl_sleep.S.o
 .debug_line    0x00002712      0x2e5 build/obj/nxt_tpl_stubs.c.o
 .debug_line    0x000029f7      0x219 build/obj/nxt_irq.c.o
 .debug_line    0x00002c10       0x80 build/obj/nxt_exception_catch.S.o
 .debug_line    0x00002c90       0x8a build/obj/nxt_bootstrap_stage1.S.o
 .debug_line    0x00002d1a       0xfd build/obj/nxt_exception_catch.c.o
 .debug_line    0x00002e17       0x7d build/obj/nxt_entry_point.s.o
 .debug_line    0x00002e94       0x84 build/obj/interrupts.s.o
 .debug_line    0x00002f18      0x750 build/obj/ecrobot_interface.c.o
 .debug_line    0x00003668      0x4f3 build/obj/ecrobot_bluetooth.c.o
 .debug_line    0x00003b5b      0x41c build/obj/flash_loader.c.o
 .debug_line    0x00003f77      0x147 build/obj/aic.c.o
 .debug_line    0x000040be      0x274 build/obj/nxt_avr.c.o
 .debug_line    0x00004332      0x326 build/obj/i2c.c.o
 .debug_line    0x00004658      0x1a6 build/obj/systick.c.o
 .debug_line    0x000047fe      0x18e build/obj/nxt_motors.c.o
 .debug_line    0x0000498c      0x589 build/obj/bt.c.o
 .debug_line    0x00004f15      0x4ce build/obj/display.c.o
 .debug_line    0x000053e3      0x252 build/obj/sensors.c.o
 .debug_line    0x00005635      0x18a build/obj/twi.c.o
 .debug_line    0x000057bf      0x274 build/obj/nxt_lcd.c.o
 .debug_line    0x00005a33      0x189 build/obj/nxt_spi.c.o
 .debug_line    0x00005bbc      0x2ae build/obj/buttons.c.o
 .debug_line    0x00005e6a      0x3ee build/obj/tpl_app_config.c.o

.debug_str      0x00000000     0x4293
 .debug_str     0x00000000      0x610 build/obj/robot_robot_concret.c.o
                                0x692 (size before relaxing)
 .debug_str     0x00000610       0x3e build/obj/tpl_dispatch_table.c.o
                                0x317 (size before relaxing)
 .debug_str     0x0000064e      0x2f3 build/obj/tpl_os_alarm_kernel.c.o
                                0x627 (size before relaxing)
 .debug_str     0x00000941      0x27d build/obj/tpl_os_event_kernel.c.o
                                0x609 (size before relaxing)
 .debug_str     0x00000bbe      0x2d5 build/obj/tpl_os_it_kernel.c.o
                                0x83d (size before relaxing)
 .debug_str     0x00000e93       0xfc build/obj/tpl_os_rez_kernel.c.o
                                0x650 (size before relaxing)
 .debug_str     0x00000f8f      0x114 build/obj/tpl_os_task_kernel.c.o
                                0x6ac (size before relaxing)
 .debug_str     0x000010a3       0xe5 build/obj/tpl_os_timeobj_kernel.c.o
                                0x511 (size before relaxing)
 .debug_str     0x00001188      0x264 build/obj/tpl_os_kernel.c.o
                                0xa74 (size before relaxing)
 .debug_str     0x000013ec      0x118 build/obj/tpl_os_action.c.o
                                0x498 (size before relaxing)
 .debug_str     0x00001504       0x48 build/obj/tpl_os.c.o
                                0x34f (size before relaxing)
 .debug_str     0x0000154c      0x246 build/obj/tpl_machine_arm_generic.c.o
                                0x701 (size before relaxing)
 .debug_str     0x00001792       0xd0 build/obj/nxt_tpl_stubs.c.o
                                0x401 (size before relaxing)
 .debug_str     0x00001862       0xe4 build/obj/nxt_irq.c.o
                                0x3c9 (size before relaxing)
 .debug_str     0x00001946       0xcd build/obj/nxt_exception_catch.c.o
                                0x218 (size before relaxing)
 .debug_str     0x00001a13      0x815 build/obj/ecrobot_interface.c.o
                                0xb8c (size before relaxing)
 .debug_str     0x00002228      0x27f build/obj/ecrobot_bluetooth.c.o
                                0x637 (size before relaxing)
 .debug_str     0x000024a7      0x21d build/obj/flash_loader.c.o
                                0x548 (size before relaxing)
 .debug_str     0x000026c4      0x70c build/obj/aic.c.o
                                0x882 (size before relaxing)
 .debug_str     0x00002dd0      0x27c build/obj/nxt_avr.c.o
                                0x480 (size before relaxing)
 .debug_str     0x0000304c      0x270 build/obj/i2c.c.o
                                0x4cd (size before relaxing)
 .debug_str     0x000032bc      0x100 build/obj/systick.c.o
                                0x2f0 (size before relaxing)
 .debug_str     0x000033bc      0x130 build/obj/nxt_motors.c.o
                                0x35a (size before relaxing)
 .debug_str     0x000034ec      0x14e build/obj/bt.c.o
                                0x533 (size before relaxing)
 .debug_str     0x0000363a      0x1a9 build/obj/display.c.o
                                0x492 (size before relaxing)
 .debug_str     0x000037e3      0x193 build/obj/sensors.c.o
                                0x4a7 (size before relaxing)
 .debug_str     0x00003976      0x101 build/obj/twi.c.o
                                0x2ee (size before relaxing)
 .debug_str     0x00003a77      0x254 build/obj/nxt_lcd.c.o
                                0x424 (size before relaxing)
 .debug_str     0x00003ccb       0x91 build/obj/nxt_spi.c.o
                                0x298 (size before relaxing)
 .debug_str     0x00003d5c       0x5f build/obj/buttons.c.o
                                0x438 (size before relaxing)
 .debug_str     0x00003dbb      0x4d8 build/obj/tpl_app_config.c.o
                                0xde6 (size before relaxing)

.debug_frame    0x00000000     0x1fb8
 .debug_frame   0x00000000      0x224 build/obj/robot_robot_concret.c.o
 .debug_frame   0x00000224       0xd4 build/obj/tpl_os_alarm_kernel.c.o
 .debug_frame   0x000002f8       0x80 build/obj/tpl_os_event_kernel.c.o
 .debug_frame   0x00000378      0x154 build/obj/tpl_os_it_kernel.c.o
 .debug_frame   0x000004cc       0x64 build/obj/tpl_os_rez_kernel.c.o
 .debug_frame   0x00000530       0xd8 build/obj/tpl_os_task_kernel.c.o
 .debug_frame   0x00000608       0x80 build/obj/tpl_os_timeobj_kernel.c.o
 .debug_frame   0x00000688      0x20c build/obj/tpl_os_kernel.c.o
 .debug_frame   0x00000894       0x64 build/obj/tpl_os_action.c.o
 .debug_frame   0x000008f8       0x2c build/obj/tpl_os.c.o
 .debug_frame   0x00000924       0x80 build/obj/tpl_machine_arm_generic.c.o
 .debug_frame   0x000009a4       0x44 build/obj/nxt_tpl_stubs.c.o
 .debug_frame   0x000009e8       0x3c build/obj/nxt_irq.c.o
 .debug_frame   0x00000a24       0x28 build/obj/nxt_exception_catch.c.o
 .debug_frame   0x00000a4c      0x4ec build/obj/ecrobot_interface.c.o
 .debug_frame   0x00000f38      0x1e4 build/obj/ecrobot_bluetooth.c.o
 .debug_frame   0x0000111c       0xe8 build/obj/flash_loader.c.o
 .debug_frame   0x00001204       0xa4 build/obj/aic.c.o
 .debug_frame   0x000012a8       0xe8 build/obj/nxt_avr.c.o
 .debug_frame   0x00001390       0xd0 build/obj/i2c.c.o
 .debug_frame   0x00001460       0xe8 build/obj/systick.c.o
 .debug_frame   0x00001548       0xc4 build/obj/nxt_motors.c.o
 .debug_frame   0x0000160c      0x180 build/obj/bt.c.o
 .debug_frame   0x0000178c      0x1b0 build/obj/display.c.o
 .debug_frame   0x0000193c       0xe4 build/obj/sensors.c.o
 .debug_frame   0x00001a20       0xa0 build/obj/twi.c.o
 .debug_frame   0x00001ac0      0x1e0 build/obj/nxt_lcd.c.o
 .debug_frame   0x00001ca0       0xa4 build/obj/nxt_spi.c.o
 .debug_frame   0x00001d44       0x50 build/obj/buttons.c.o
 .debug_frame   0x00001d94      0x17c build/obj/tpl_app_config.c.o
 .debug_frame   0x00001f10       0x20 /mnt/n7fs/nxt/gcc-arm-none-eabi-4_9-2015q3//lib/gcc/arm-none-eabi/4.9.3//libgcc.a(_udivsi3.o)
 .debug_frame   0x00001f30       0x38 /mnt/n7fs/nxt/gcc-arm-none-eabi-4_9-2015q3//arm-none-eabi/lib/libc.a(lib_a-memcpy.o)
 .debug_frame   0x00001f68       0x30 /mnt/n7fs/nxt/gcc-arm-none-eabi-4_9-2015q3//arm-none-eabi/lib/libc.a(lib_a-memset.o)
 .debug_frame   0x00001f98       0x20 /mnt/n7fs/nxt/gcc-arm-none-eabi-4_9-2015q3//arm-none-eabi/lib/libc.a(lib_a-strlen.o)

Cross Reference Table

Symbol                                            File
ActivateTask                                      build/obj/tpl_invoque.S.o
CallTerminateISR2                                 build/obj/tpl_invoque.S.o
                                                  build/obj/tpl_machine_arm_generic.c.o
CallTerminateTask                                 build/obj/tpl_invoque.S.o
                                                  build/obj/tpl_machine_arm_generic.c.o
CancelAlarm                                       build/obj/tpl_invoque.S.o
ChainTask                                         build/obj/tpl_invoque.S.o
ClearEvent                                        build/obj/tpl_invoque.S.o
DisableAllInterrupts                              build/obj/tpl_invoque.S.o
EnableAllInterrupts                               build/obj/tpl_invoque.S.o
GetActiveApplicationMode                          build/obj/tpl_invoque.S.o
GetAlarm                                          build/obj/tpl_invoque.S.o
GetAlarmBase                                      build/obj/tpl_invoque.S.o
GetEvent                                          build/obj/tpl_invoque.S.o
GetResource                                       build/obj/tpl_invoque.S.o
GetTaskID                                         build/obj/tpl_invoque.S.o
GetTaskState                                      build/obj/tpl_invoque.S.o
INTERNAL_RES_SCHEDULER                            build/obj/tpl_os_kernel.c.o
INVALID_ALARM                                     build/obj/tpl_os_alarm_kernel.c.o
INVALID_PROC                                      build/obj/tpl_os_kernel.c.o
INVALID_RESOURCE                                  build/obj/tpl_os_rez_kernel.c.o
INVALID_TASK                                      build/obj/tpl_os_kernel.c.o
                                                  build/obj/tpl_os_task_kernel.c.o
                                                  build/obj/tpl_os_rez_kernel.c.o
InitButtons                                       build/obj/buttons.c.o
                                                  build/obj/nxt_tpl_stubs.c.o
NXT_Entry_Point                                   build/obj/nxt_entry_point.s.o
                                                  build/obj/nxt_binary_header.s.o
OSMAXALLOWEDVALUE                                 build/obj/tpl_app_config.c.o
OSMINCYCLE                                        build/obj/tpl_app_config.c.o
OSTICKSPERBASE                                    build/obj/tpl_app_config.c.o
RES_SCHEDULER                                     build/obj/tpl_os_rez_kernel.c.o
ReleaseResource                                   build/obj/tpl_invoque.S.o
ResumeAllInterrupts                               build/obj/tpl_invoque.S.o
ResumeOSInterrupts                                build/obj/tpl_invoque.S.o
Schedule                                          build/obj/tpl_invoque.S.o
SetAbsAlarm                                       build/obj/tpl_invoque.S.o
SetEvent                                          build/obj/tpl_invoque.S.o
SetRelAlarm                                       build/obj/tpl_invoque.S.o
ShutdownOS                                        build/obj/tpl_invoque.S.o
                                                  build/obj/robot_robot_concret.c.o
StartOS                                           build/obj/tpl_os.c.o
                                                  build/obj/robot_robot_concret.c.o
SuspendAllInterrupts                              build/obj/tpl_invoque.S.o
SuspendOSInterrupts                               build/obj/tpl_invoque.S.o
SystemCounter_counter_desc                        build/obj/tpl_app_config.c.o
Task1                                             build/obj/tpl_app_config.c.o
Task1_function                                    build/obj/robot_robot_concret.c.o
                                                  build/obj/tpl_app_config.c.o
Task1_int_context                                 build/obj/tpl_app_config.c.o
Task1_stack_zone                                  build/obj/tpl_app_config.c.o
Task1_task_desc                                   build/obj/tpl_app_config.c.o
Task1_task_stat_desc                              build/obj/tpl_app_config.c.o
TaskInitialize_function                           build/obj/robot_robot_concret.c.o
TerminateTask                                     build/obj/tpl_invoque.S.o
                                                  build/obj/robot_robot_concret.c.o
Vec_reset                                         build/obj/tpl_vector_table.s.o
WaitEvent                                         build/obj/tpl_invoque.S.o
__aeabi_idiv                                      /mnt/n7fs/nxt/gcc-arm-none-eabi-4_9-2015q3//lib/gcc/arm-none-eabi/4.9.3//libgcc.a(_divsi3.o)
                                                  build/obj/sound.c.o
                                                  build/obj/bios_display.c.o
__aeabi_idiv0                                     /mnt/n7fs/nxt/gcc-arm-none-eabi-4_9-2015q3//lib/gcc/arm-none-eabi/4.9.3//libgcc.a(_dvmd_tls.o)
                                                  /mnt/n7fs/nxt/gcc-arm-none-eabi-4_9-2015q3//lib/gcc/arm-none-eabi/4.9.3//libgcc.a(_divsi3.o)
                                                  /mnt/n7fs/nxt/gcc-arm-none-eabi-4_9-2015q3//lib/gcc/arm-none-eabi/4.9.3//libgcc.a(_udivsi3.o)
__aeabi_idivmod                                   /mnt/n7fs/nxt/gcc-arm-none-eabi-4_9-2015q3//lib/gcc/arm-none-eabi/4.9.3//libgcc.a(_divsi3.o)
                                                  build/obj/sound.c.o
__aeabi_ldiv0                                     /mnt/n7fs/nxt/gcc-arm-none-eabi-4_9-2015q3//lib/gcc/arm-none-eabi/4.9.3//libgcc.a(_dvmd_tls.o)
                                                  /mnt/n7fs/nxt/gcc-arm-none-eabi-4_9-2015q3//lib/gcc/arm-none-eabi/4.9.3//libgcc.a(_aeabi_ldivmod.o)
__aeabi_ldivmod                                   /mnt/n7fs/nxt/gcc-arm-none-eabi-4_9-2015q3//lib/gcc/arm-none-eabi/4.9.3//libgcc.a(_aeabi_ldivmod.o)
                                                  build/obj/sound.c.o
__aeabi_uidiv                                     /mnt/n7fs/nxt/gcc-arm-none-eabi-4_9-2015q3//lib/gcc/arm-none-eabi/4.9.3//libgcc.a(_udivsi3.o)
                                                  build/obj/sound.c.o
                                                  build/obj/display.c.o
                                                  build/obj/bios_display.c.o
                                                  build/obj/ecrobot_interface.c.o
__aeabi_uidivmod                                  /mnt/n7fs/nxt/gcc-arm-none-eabi-4_9-2015q3//lib/gcc/arm-none-eabi/4.9.3//libgcc.a(_udivsi3.o)
                                                  build/obj/display.c.o
__clzdi2                                          /mnt/n7fs/nxt/gcc-arm-none-eabi-4_9-2015q3//lib/gcc/arm-none-eabi/4.9.3//libgcc.a(_clzdi2.o)
                                                  /mnt/n7fs/nxt/gcc-arm-none-eabi-4_9-2015q3//lib/gcc/arm-none-eabi/4.9.3//libgcc.a(_udivdi3.o)
                                                  /mnt/n7fs/nxt/gcc-arm-none-eabi-4_9-2015q3//lib/gcc/arm-none-eabi/4.9.3//libgcc.a(_divdi3.o)
__clzsi2                                          /mnt/n7fs/nxt/gcc-arm-none-eabi-4_9-2015q3//lib/gcc/arm-none-eabi/4.9.3//libgcc.a(_clzsi2.o)
                                                  /mnt/n7fs/nxt/gcc-arm-none-eabi-4_9-2015q3//lib/gcc/arm-none-eabi/4.9.3//libgcc.a(_clzdi2.o)
__ctor_begin                                      build/obj/ecrobot_base.c.o
__ctor_end                                        build/obj/ecrobot_base.c.o
__divdi3                                          /mnt/n7fs/nxt/gcc-arm-none-eabi-4_9-2015q3//lib/gcc/arm-none-eabi/4.9.3//libgcc.a(_divdi3.o)
                                                  /mnt/n7fs/nxt/gcc-arm-none-eabi-4_9-2015q3//lib/gcc/arm-none-eabi/4.9.3//libgcc.a(bpabi.o)
__divsi3                                          /mnt/n7fs/nxt/gcc-arm-none-eabi-4_9-2015q3//lib/gcc/arm-none-eabi/4.9.3//libgcc.a(_divsi3.o)
__dtor_begin                                      build/obj/ecrobot_base.c.o
__dtor_end                                        build/obj/ecrobot_base.c.o
__gnu_ldivmod_helper                              /mnt/n7fs/nxt/gcc-arm-none-eabi-4_9-2015q3//lib/gcc/arm-none-eabi/4.9.3//libgcc.a(bpabi.o)
                                                  /mnt/n7fs/nxt/gcc-arm-none-eabi-4_9-2015q3//lib/gcc/arm-none-eabi/4.9.3//libgcc.a(_aeabi_ldivmod.o)
__gnu_uldivmod_helper                             /mnt/n7fs/nxt/gcc-arm-none-eabi-4_9-2015q3//lib/gcc/arm-none-eabi/4.9.3//libgcc.a(bpabi.o)
__udivdi3                                         /mnt/n7fs/nxt/gcc-arm-none-eabi-4_9-2015q3//lib/gcc/arm-none-eabi/4.9.3//libgcc.a(_udivdi3.o)
                                                  /mnt/n7fs/nxt/gcc-arm-none-eabi-4_9-2015q3//lib/gcc/arm-none-eabi/4.9.3//libgcc.a(bpabi.o)
__udivsi3                                         /mnt/n7fs/nxt/gcc-arm-none-eabi-4_9-2015q3//lib/gcc/arm-none-eabi/4.9.3//libgcc.a(_udivsi3.o)
abt_stack_bottom                                  build/obj/tpl_stacks.S.o
                                                  build/obj/nxt_bootstrap_stage1.S.o
abt_stack_top                                     build/obj/tpl_stacks.S.o
add_status_info                                   build/obj/ecrobot_base.c.o
                                                  build/obj/ecrobot_bluetooth.c.o
aic_clear                                         build/obj/aic.c.o
                                                  build/obj/sound.c.o
                                                  build/obj/bt.c.o
aic_initialise                                    build/obj/aic.c.o
                                                  build/obj/flash_loader.c.o
aic_mask_off                                      build/obj/aic.c.o
                                                  build/obj/buttons.c.o
                                                  build/obj/nxt_spi.c.o
                                                  build/obj/twi.c.o
                                                  build/obj/bt.c.o
                                                  build/obj/nxt_motors.c.o
                                                  build/obj/systick.c.o
                                                  build/obj/i2c.c.o
aic_mask_on                                       build/obj/aic.c.o
                                                  build/obj/buttons.c.o
                                                  build/obj/sound.c.o
                                                  build/obj/nxt_spi.c.o
                                                  build/obj/twi.c.o
                                                  build/obj/bt.c.o
                                                  build/obj/nxt_motors.c.o
                                                  build/obj/systick.c.o
                                                  build/obj/i2c.c.o
aic_set_vector                                    build/obj/aic.c.o
                                                  build/obj/buttons.c.o
                                                  build/obj/sound.c.o
                                                  build/obj/nxt_spi.c.o
                                                  build/obj/twi.c.o
                                                  build/obj/bt.c.o
                                                  build/obj/nxt_motors.c.o
                                                  build/obj/systick.c.o
                                                  build/obj/i2c.c.o
avr_brainwash_string                              build/obj/nxt_avr.c.o
battery_voltage                                   build/obj/nxt_avr.c.o
                                                  build/obj/bios_display.c.o
                                                  build/obj/ecrobot_interface.c.o
bt_clear_arm7_cmd                                 build/obj/bt.c.o
                                                  build/obj/ecrobot_bluetooth.c.o
bt_frame                                          build/obj/bt.c.o
bt_frame_received                                 build/obj/bt.c.o
bt_get_mode                                       build/obj/bt.c.o
bt_init                                           build/obj/bt.c.o
                                                  build/obj/flash_loader.c.o
bt_isr_C_function                                 build/obj/bt.c.o
                                                  build/obj/tpl_app_config.c.o
bt_length                                         build/obj/bt.c.o
bt_pending                                        build/obj/bt.c.o
                                                  build/obj/ecrobot_bluetooth.c.o
bt_read                                           build/obj/bt.c.o
bt_receive                                        build/obj/bt.c.o
                                                  build/obj/ecrobot_bluetooth.c.o
bt_reset                                          build/obj/bt.c.o
                                                  build/obj/ecrobot_bluetooth.c.o
bt_send                                           build/obj/bt.c.o
                                                  build/obj/ecrobot_bluetooth.c.o
bt_set_arm7_cmd                                   build/obj/bt.c.o
                                                  build/obj/ecrobot_bluetooth.c.o
bt_set_reset_high                                 build/obj/bt.c.o
bt_set_reset_low                                  build/obj/bt.c.o
bt_start_ad_converter                             build/obj/bt.c.o
bt_state                                          build/obj/bt.c.o
bt_write                                          build/obj/bt.c.o
                                                  build/obj/ecrobot_bluetooth.c.o
buttons_get                                       build/obj/nxt_avr.c.o
                                                  build/obj/sensors.c.o
                                                  build/obj/flash_loader.c.o
                                                  build/obj/ecrobot_interface.c.o
byte_fifo_clear                                   build/obj/byte_fifo.c.o
byte_fifo_get                                     build/obj/byte_fifo.c.o
byte_fifo_init                                    build/obj/byte_fifo.c.o