V3 124
FL //n7fs/vdrouinv/Documents/Architecture/TP/vhdl/adder.vhd 2014/12/16.16:41:26 P.20131013
EN work/adder 1418744490 \
      FL //n7fs/vdrouinv/Documents/Architecture/TP/vhdl/adder.vhd LB UNISIM \
      PB ieee/std_logic_1164 1381692176 PB ieee/std_logic_arith 1381692177 \
      PB ieee/STD_LOGIC_UNSIGNED 1381692179
AR work/adder/synthesis 1418744491 \
      FL //n7fs/vdrouinv/Documents/Architecture/TP/vhdl/adder.vhd EN work/adder 1418744490
FL //n7fs/vdrouinv/Documents/Architecture/TP/vhdl/adder16.vhd 2014/12/16.16:41:26 P.20131013
EN work/adder16 1418744506 \
      FL //n7fs/vdrouinv/Documents/Architecture/TP/vhdl/adder16.vhd LB UNISIM \
      PB ieee/std_logic_1164 1381692176 PB ieee/std_logic_arith 1381692177 \
      PB ieee/STD_LOGIC_UNSIGNED 1381692179
AR work/adder16/synthesis 1418744507 \
      FL //n7fs/vdrouinv/Documents/Architecture/TP/vhdl/adder16.vhd \
      EN work/adder16 1418744506 CP adder8
FL //n7fs/vdrouinv/Documents/Architecture/TP/vhdl/adder32.vhd 2014/12/16.16:41:26 P.20131013
EN work/adder32 1418744514 \
      FL //n7fs/vdrouinv/Documents/Architecture/TP/vhdl/adder32.vhd LB UNISIM \
      PB ieee/std_logic_1164 1381692176 PB ieee/std_logic_arith 1381692177 \
      PB ieee/STD_LOGIC_UNSIGNED 1381692179
AR work/adder32/synthesis 1418744515 \
      FL //n7fs/vdrouinv/Documents/Architecture/TP/vhdl/adder32.vhd \
      EN work/adder32 1418744514 CP adder16
FL //n7fs/vdrouinv/Documents/Architecture/TP/vhdl/adder4.vhd 2014/12/16.16:41:26 P.20131013
EN work/adder4 1418744494 \
      FL //n7fs/vdrouinv/Documents/Architecture/TP/vhdl/adder4.vhd LB UNISIM \
      PB ieee/std_logic_1164 1381692176 PB ieee/std_logic_arith 1381692177 \
      PB ieee/STD_LOGIC_UNSIGNED 1381692179
AR work/adder4/synthesis 1418744495 \
      FL //n7fs/vdrouinv/Documents/Architecture/TP/vhdl/adder4.vhd EN work/adder4 1418744494 \
      CP adder
FL //n7fs/vdrouinv/Documents/Architecture/TP/vhdl/adder8.vhd 2014/12/16.16:41:26 P.20131013
EN work/adder8 1418744500 \
      FL //n7fs/vdrouinv/Documents/Architecture/TP/vhdl/adder8.vhd LB UNISIM \
      PB ieee/std_logic_1164 1381692176 PB ieee/std_logic_arith 1381692177 \
      PB ieee/STD_LOGIC_UNSIGNED 1381692179
AR work/adder8/synthesis 1418744501 \
      FL //n7fs/vdrouinv/Documents/Architecture/TP/vhdl/adder8.vhd EN work/adder8 1418744500 \
      CP adder4
FL //n7fs/vdrouinv/Documents/Architecture/TP/vhdl/addsub32.vhd 2014/12/16.16:41:26 P.20131013
EN work/addsub32 1418744520 \
      FL //n7fs/vdrouinv/Documents/Architecture/TP/vhdl/addsub32.vhd LB UNISIM \
      PB ieee/std_logic_1164 1381692176 PB ieee/std_logic_arith 1381692177 \
      PB ieee/STD_LOGIC_UNSIGNED 1381692179
AR work/addsub32/synthesis 1418744521 \
      FL //n7fs/vdrouinv/Documents/Architecture/TP/vhdl/addsub32.vhd \
      EN work/addsub32 1418744520 CP adder32
FL //n7fs/vdrouinv/Documents/Architecture/TP/vhdl/barrelshifter32.vhd 2014/12/16.16:41:26 P.20131013
EN work/barrelshifter32 1418744524 \
      FL //n7fs/vdrouinv/Documents/Architecture/TP/vhdl/barrelshifter32.vhd \
      LB UNISIM PB ieee/std_logic_1164 1381692176 PB ieee/std_logic_arith 1381692177 \
      PB ieee/STD_LOGIC_UNSIGNED 1381692179
AR work/barrelshifter32/synthesis 1418744525 \
      FL //n7fs/vdrouinv/Documents/Architecture/TP/vhdl/barrelshifter32.vhd \
      EN work/barrelshifter32 1418744524 CP shift1 CP shift2 CP shift4 CP shift8 \
      CP shift16
FL //n7fs/vdrouinv/Documents/Architecture/TP/vhdl/clock28.vhd 2014/12/16.16:41:26 P.20131013
EN work/clock28 1418744540 \
      FL //n7fs/vdrouinv/Documents/Architecture/TP/vhdl/clock28.vhd LB UNISIM \
      PB ieee/std_logic_1164 1381692176 PB ieee/std_logic_arith 1381692177 \
      PB ieee/STD_LOGIC_UNSIGNED 1381692179
AR work/clock28/synthesis 1418744541 \
      FL //n7fs/vdrouinv/Documents/Architecture/TP/vhdl/clock28.vhd \
      EN work/clock28 1418744540 CP clock4
FL //n7fs/vdrouinv/Documents/Architecture/TP/vhdl/clock4.vhd 2014/12/16.16:41:26 P.20131013
EN work/clock4 1418744538 \
      FL //n7fs/vdrouinv/Documents/Architecture/TP/vhdl/clock4.vhd LB UNISIM \
      PB ieee/std_logic_1164 1381692176 PB ieee/std_logic_arith 1381692177 \
      PB ieee/STD_LOGIC_UNSIGNED 1381692179
AR work/clock4/synthesis 1418744539 \
      FL //n7fs/vdrouinv/Documents/Architecture/TP/vhdl/clock4.vhd EN work/clock4 1418744538
FL //n7fs/vdrouinv/Documents/Architecture/TP/vhdl/commUSB.vhd 2014/12/16.16:41:26 P.20131013
EN work/commUSB 1418744542 \
      FL //n7fs/vdrouinv/Documents/Architecture/TP/vhdl/commUSB.vhd \
      PB ieee/std_logic_1164 1381692176 PB ieee/STD_LOGIC_UNSIGNED 1381692179
AR work/commUSB/synthesis 1418744543 \
      FL //n7fs/vdrouinv/Documents/Architecture/TP/vhdl/commUSB.vhd \
      EN work/commUSB 1418744542
FL //n7fs/vdrouinv/Documents/Architecture/TP/vhdl/craps0.vhd 2014/12/16.16:41:26 P.20131013
EN work/craps0 1418744548 \
      FL //n7fs/vdrouinv/Documents/Architecture/TP/vhdl/craps0.vhd LB UNISIM \
      PB ieee/std_logic_1164 1381692176 PB ieee/std_logic_arith 1381692177 \
      PB ieee/STD_LOGIC_UNSIGNED 1381692179
AR work/craps0/synthesis 1418744549 \
      FL //n7fs/vdrouinv/Documents/Architecture/TP/vhdl/craps0.vhd EN work/craps0 1418744548 \
      CP clock28 CP commUSB CP sequencer CP micromachine
FL //n7fs/vdrouinv/Documents/Architecture/TP/vhdl/decoder2to4.vhd 2014/12/16.16:41:26 P.20131013
EN work/decoder2to4 1418744496 \
      FL //n7fs/vdrouinv/Documents/Architecture/TP/vhdl/decoder2to4.vhd LB UNISIM \
      PB ieee/std_logic_1164 1381692176 PB ieee/std_logic_arith 1381692177 \
      PB ieee/STD_LOGIC_UNSIGNED 1381692179
AR work/decoder2to4/synthesis 1418744497 \
      FL //n7fs/vdrouinv/Documents/Architecture/TP/vhdl/decoder2to4.vhd \
      EN work/decoder2to4 1418744496
FL //n7fs/vdrouinv/Documents/Architecture/TP/vhdl/decoder3to8.vhd 2014/12/16.16:41:26 P.20131013
EN work/decoder3to8 1418744502 \
      FL //n7fs/vdrouinv/Documents/Architecture/TP/vhdl/decoder3to8.vhd LB UNISIM \
      PB ieee/std_logic_1164 1381692176 PB ieee/std_logic_arith 1381692177 \
      PB ieee/STD_LOGIC_UNSIGNED 1381692179
AR work/decoder3to8/synthesis 1418744503 \
      FL //n7fs/vdrouinv/Documents/Architecture/TP/vhdl/decoder3to8.vhd \
      EN work/decoder3to8 1418744502 CP decoder2to4
FL //n7fs/vdrouinv/Documents/Architecture/TP/vhdl/decoder4to16.vhd 2014/12/16.16:41:26 P.20131013
EN work/decoder4to16 1418744508 \
      FL //n7fs/vdrouinv/Documents/Architecture/TP/vhdl/decoder4to16.vhd \
      LB UNISIM PB ieee/std_logic_1164 1381692176 PB ieee/std_logic_arith 1381692177 \
      PB ieee/STD_LOGIC_UNSIGNED 1381692179
AR work/decoder4to16/synthesis 1418744509 \
      FL //n7fs/vdrouinv/Documents/Architecture/TP/vhdl/decoder4to16.vhd \
      EN work/decoder4to16 1418744508 CP decoder3to8
FL //n7fs/vdrouinv/Documents/Architecture/TP/vhdl/decoder5to32.vhd 2014/12/16.16:41:26 P.20131013
EN work/decoder5to32 1418744516 \
      FL //n7fs/vdrouinv/Documents/Architecture/TP/vhdl/decoder5to32.vhd \
      LB UNISIM PB ieee/std_logic_1164 1381692176 PB ieee/std_logic_arith 1381692177 \
      PB ieee/STD_LOGIC_UNSIGNED 1381692179
AR work/decoder5to32/synthesis 1418744517 \
      FL //n7fs/vdrouinv/Documents/Architecture/TP/vhdl/decoder5to32.vhd \
      EN work/decoder5to32 1418744516 CP decoder4to16
FL //n7fs/vdrouinv/Documents/Architecture/TP/vhdl/decoder6to64.vhd 2014/12/16.16:41:26 P.20131013
EN work/decoder6to64 1418744518 \
      FL //n7fs/vdrouinv/Documents/Architecture/TP/vhdl/decoder6to64.vhd \
      LB UNISIM PB ieee/std_logic_1164 1381692176 PB ieee/std_logic_arith 1381692177 \
      PB ieee/STD_LOGIC_UNSIGNED 1381692179
AR work/decoder6to64/synthesis 1418744519 \
      FL //n7fs/vdrouinv/Documents/Architecture/TP/vhdl/decoder6to64.vhd \
      EN work/decoder6to64 1418744518 CP decoder5to32
FL //n7fs/vdrouinv/Documents/Architecture/TP/vhdl/eq32.vhd 2014/12/16.16:41:26 P.20131013
EN work/eq32 1418744526 \
      FL //n7fs/vdrouinv/Documents/Architecture/TP/vhdl/eq32.vhd LB UNISIM \
      PB ieee/std_logic_1164 1381692176 PB ieee/std_logic_arith 1381692177 \
      PB ieee/STD_LOGIC_UNSIGNED 1381692179
AR work/eq32/synthesis 1418744527 \
      FL //n7fs/vdrouinv/Documents/Architecture/TP/vhdl/eq32.vhd EN work/eq32 1418744526 \
      CP eq8
FL //n7fs/vdrouinv/Documents/Architecture/TP/vhdl/eq4.vhd 2014/12/16.16:41:26 P.20131013
EN work/eq4 1418744536 FL //n7fs/vdrouinv/Documents/Architecture/TP/vhdl/eq4.vhd \
      LB UNISIM PB ieee/std_logic_1164 1381692176 PB ieee/std_logic_arith 1381692177 \
      PB ieee/STD_LOGIC_UNSIGNED 1381692179
AR work/eq4/synthesis 1418744537 \
      FL //n7fs/vdrouinv/Documents/Architecture/TP/vhdl/eq4.vhd EN work/eq4 1418744536
FL //n7fs/vdrouinv/Documents/Architecture/TP/vhdl/eq8.vhd 2014/12/16.16:41:26 P.20131013
EN work/eq8 1418744510 FL //n7fs/vdrouinv/Documents/Architecture/TP/vhdl/eq8.vhd \
      LB UNISIM PB ieee/std_logic_1164 1381692176 PB ieee/std_logic_arith 1381692177 \
      PB ieee/STD_LOGIC_UNSIGNED 1381692179
AR work/eq8/synthesis 1418744511 \
      FL //n7fs/vdrouinv/Documents/Architecture/TP/vhdl/eq8.vhd EN work/eq8 1418744510
FL //n7fs/vdrouinv/Documents/Architecture/TP/vhdl/micromachine.vhd 2014/12/16.16:41:26 P.20131013
EN work/micromachine 1418744546 \
      FL //n7fs/vdrouinv/Documents/Architecture/TP/vhdl/micromachine.vhd \
      LB UNISIM PB ieee/std_logic_1164 1381692176 PB ieee/std_logic_arith 1381692177 \
      PB ieee/STD_LOGIC_UNSIGNED 1381692179
AR work/micromachine/synthesis 1418744547 \
      FL //n7fs/vdrouinv/Documents/Architecture/TP/vhdl/micromachine.vhd \
      EN work/micromachine 1418744546 CP registres CP decoder2to4 CP decoder4to16 \
      CP rams_asyn_read512x32 CP ual
FL //n7fs/vdrouinv/Documents/Architecture/TP/vhdl/rams_asyn_read512x32.vhd 2014/12/16.16:41:26 P.20131013
EN work/rams_asyn_read512x32 1418744532 \
      FL //n7fs/vdrouinv/Documents/Architecture/TP/vhdl/rams_asyn_read512x32.vhd \
      PB ieee/std_logic_1164 1381692176 PB ieee/STD_LOGIC_UNSIGNED 1381692179
AR work/rams_asyn_read512x32/synthesis 1418744533 \
      FL //n7fs/vdrouinv/Documents/Architecture/TP/vhdl/rams_asyn_read512x32.vhd \
      EN work/rams_asyn_read512x32 1418744532
FL //n7fs/vdrouinv/Documents/Architecture/TP/vhdl/reg32.vhd 2014/12/16.16:41:26 P.20131013
EN work/reg32 1418744528 \
      FL //n7fs/vdrouinv/Documents/Architecture/TP/vhdl/reg32.vhd LB UNISIM \
      PB ieee/std_logic_1164 1381692176 PB ieee/std_logic_arith 1381692177 \
      PB ieee/STD_LOGIC_UNSIGNED 1381692179
AR work/reg32/synthesis 1418744529 \
      FL //n7fs/vdrouinv/Documents/Architecture/TP/vhdl/reg32.vhd EN work/reg32 1418744528
FL //n7fs/vdrouinv/Documents/Architecture/TP/vhdl/registres.vhd 2014/12/16.16:41:26 P.20131013
EN work/registres 1418744530 \
      FL //n7fs/vdrouinv/Documents/Architecture/TP/vhdl/registres.vhd LB UNISIM \
      PB ieee/std_logic_1164 1381692176 PB ieee/std_logic_arith 1381692177 \
      PB ieee/STD_LOGIC_UNSIGNED 1381692179
AR work/registres/synthesis 1418744531 \
      FL //n7fs/vdrouinv/Documents/Architecture/TP/vhdl/registres.vhd \
      EN work/registres 1418744530 CP decoder5to32 CP reg32 CP eq32
FL //n7fs/vdrouinv/Documents/Architecture/TP/vhdl/sequencer.vhd 2014/12/16.16:41:26 P.20131013
EN work/sequencer 1418744544 \
      FL //n7fs/vdrouinv/Documents/Architecture/TP/vhdl/sequencer.vhd LB UNISIM \
      PB ieee/std_logic_1164 1381692176 PB ieee/std_logic_arith 1381692177 \
      PB ieee/STD_LOGIC_UNSIGNED 1381692179
AR work/sequencer/synthesis 1418744545 \
      FL //n7fs/vdrouinv/Documents/Architecture/TP/vhdl/sequencer.vhd \
      EN work/sequencer 1418744544 CP eq4
FL //n7fs/vdrouinv/Documents/Architecture/TP/vhdl/shift1.vhd 2014/12/16.16:41:26 P.20131013
EN work/shift1 1418744488 \
      FL //n7fs/vdrouinv/Documents/Architecture/TP/vhdl/shift1.vhd LB UNISIM \
      PB ieee/std_logic_1164 1381692176 PB ieee/std_logic_arith 1381692177 \
      PB ieee/STD_LOGIC_UNSIGNED 1381692179
AR work/shift1/synthesis 1418744489 \
      FL //n7fs/vdrouinv/Documents/Architecture/TP/vhdl/shift1.vhd EN work/shift1 1418744488
FL //n7fs/vdrouinv/Documents/Architecture/TP/vhdl/shift16.vhd 2014/12/16.16:41:26 P.20131013
EN work/shift16 1418744512 \
      FL //n7fs/vdrouinv/Documents/Architecture/TP/vhdl/shift16.vhd LB UNISIM \
      PB ieee/std_logic_1164 1381692176 PB ieee/std_logic_arith 1381692177 \
      PB ieee/STD_LOGIC_UNSIGNED 1381692179
AR work/shift16/synthesis 1418744513 \
      FL //n7fs/vdrouinv/Documents/Architecture/TP/vhdl/shift16.vhd \
      EN work/shift16 1418744512 CP shift8
FL //n7fs/vdrouinv/Documents/Architecture/TP/vhdl/shift2.vhd 2014/12/16.16:41:26 P.20131013
EN work/shift2 1418744492 \
      FL //n7fs/vdrouinv/Documents/Architecture/TP/vhdl/shift2.vhd LB UNISIM \
      PB ieee/std_logic_1164 1381692176 PB ieee/std_logic_arith 1381692177 \
      PB ieee/STD_LOGIC_UNSIGNED 1381692179
AR work/shift2/synthesis 1418744493 \
      FL //n7fs/vdrouinv/Documents/Architecture/TP/vhdl/shift2.vhd EN work/shift2 1418744492 \
      CP shift1
FL //n7fs/vdrouinv/Documents/Architecture/TP/vhdl/shift4.vhd 2014/12/16.16:41:26 P.20131013
EN work/shift4 1418744498 \
      FL //n7fs/vdrouinv/Documents/Architecture/TP/vhdl/shift4.vhd LB UNISIM \
      PB ieee/std_logic_1164 1381692176 PB ieee/std_logic_arith 1381692177 \
      PB ieee/STD_LOGIC_UNSIGNED 1381692179
AR work/shift4/synthesis 1418744499 \
      FL //n7fs/vdrouinv/Documents/Architecture/TP/vhdl/shift4.vhd EN work/shift4 1418744498 \
      CP shift2
FL //n7fs/vdrouinv/Documents/Architecture/TP/vhdl/shift8.vhd 2014/12/16.16:41:26 P.20131013
EN work/shift8 1418744504 \
      FL //n7fs/vdrouinv/Documents/Architecture/TP/vhdl/shift8.vhd LB UNISIM \
      PB ieee/std_logic_1164 1381692176 PB ieee/std_logic_arith 1381692177 \
      PB ieee/STD_LOGIC_UNSIGNED 1381692179
AR work/shift8/synthesis 1418744505 \
      FL //n7fs/vdrouinv/Documents/Architecture/TP/vhdl/shift8.vhd EN work/shift8 1418744504 \
      CP shift4
FL //n7fs/vdrouinv/Documents/Architecture/TP/vhdl/ual.vhd 2014/12/16.16:41:26 P.20131013
EN work/ual 1418744534 FL //n7fs/vdrouinv/Documents/Architecture/TP/vhdl/ual.vhd \
      LB UNISIM PB ieee/std_logic_1164 1381692176 PB ieee/std_logic_arith 1381692177 \
      PB ieee/STD_LOGIC_UNSIGNED 1381692179
AR work/ual/synthesis 1418744535 \
      FL //n7fs/vdrouinv/Documents/Architecture/TP/vhdl/ual.vhd EN work/ual 1418744534 \
      CP decoder6to64 CP addsub32 CP umult16x16 CP barrelshifter32 CP eq32
FL //n7fs/vdrouinv/Documents/Architecture/TP/vhdl/umult16x16.vhd 2014/12/16.16:41:26 P.20131013
EN work/umult16x16 1418744522 \
      FL //n7fs/vdrouinv/Documents/Architecture/TP/vhdl/umult16x16.vhd \
      PB ieee/std_logic_1164 1381692176 PB ieee/STD_LOGIC_UNSIGNED 1381692179
AR work/umult16x16/synthesis 1418744523 \
      FL //n7fs/vdrouinv/Documents/Architecture/TP/vhdl/umult16x16.vhd \
      EN work/umult16x16 1418744522
